Archive member included to satisfy reference by file (symbol)

/home/davi/.pico-sdk/toolchain/13_3_Rel1/bin/../lib/gcc/arm-none-eabi/13.3.1/thumb/v6-m/nofp/libgcc.a(_dvmd_tls.o)
                              CMakeFiles/ws2812.dir/home/davi/.pico-sdk/sdk/2.1.0/src/rp2_common/pico_divider/divider_hardware.S.o (__aeabi_idiv0)
/home/davi/.pico-sdk/toolchain/13_3_Rel1/bin/../lib/gcc/arm-none-eabi/13.3.1/../../../../arm-none-eabi/lib/thumb/v6-m/nofp/libg.a(libc_a-strlen-stub.o)
                              CMakeFiles/ws2812.dir/home/davi/.pico-sdk/sdk/2.1.0/src/rp2_common/pico_stdio/stdio.c.o (strlen)
/home/davi/.pico-sdk/toolchain/13_3_Rel1/bin/../lib/gcc/arm-none-eabi/13.3.1/../../../../arm-none-eabi/lib/thumb/v6-m/nofp/libg.a(libc_a-malloc.o)
                              CMakeFiles/ws2812.dir/home/davi/.pico-sdk/sdk/2.1.0/src/rp2_common/pico_malloc/malloc.c.o (malloc)
/home/davi/.pico-sdk/toolchain/13_3_Rel1/bin/../lib/gcc/arm-none-eabi/13.3.1/../../../../arm-none-eabi/lib/thumb/v6-m/nofp/libg.a(libc_a-mallocr.o)
                              /home/davi/.pico-sdk/toolchain/13_3_Rel1/bin/../lib/gcc/arm-none-eabi/13.3.1/../../../../arm-none-eabi/lib/thumb/v6-m/nofp/libg.a(libc_a-malloc.o) (_malloc_r)
/home/davi/.pico-sdk/toolchain/13_3_Rel1/bin/../lib/gcc/arm-none-eabi/13.3.1/../../../../arm-none-eabi/lib/thumb/v6-m/nofp/libg.a(libc_a-lcltime_r.o)
                              CMakeFiles/ws2812.dir/home/davi/.pico-sdk/sdk/2.1.0/src/common/pico_util/datetime.c.o (localtime_r)
/home/davi/.pico-sdk/toolchain/13_3_Rel1/bin/../lib/gcc/arm-none-eabi/13.3.1/../../../../arm-none-eabi/lib/thumb/v6-m/nofp/libg.a(libc_a-sbrkr.o)
                              /home/davi/.pico-sdk/toolchain/13_3_Rel1/bin/../lib/gcc/arm-none-eabi/13.3.1/../../../../arm-none-eabi/lib/thumb/v6-m/nofp/libg.a(libc_a-mallocr.o) (_sbrk_r)
/home/davi/.pico-sdk/toolchain/13_3_Rel1/bin/../lib/gcc/arm-none-eabi/13.3.1/../../../../arm-none-eabi/lib/thumb/v6-m/nofp/libg.a(libc_a-mktime.o)
                              CMakeFiles/ws2812.dir/home/davi/.pico-sdk/sdk/2.1.0/src/common/pico_util/datetime.c.o (mktime)
/home/davi/.pico-sdk/toolchain/13_3_Rel1/bin/../lib/gcc/arm-none-eabi/13.3.1/../../../../arm-none-eabi/lib/thumb/v6-m/nofp/libg.a(libc_a-month_lengths.o)
                              /home/davi/.pico-sdk/toolchain/13_3_Rel1/bin/../lib/gcc/arm-none-eabi/13.3.1/../../../../arm-none-eabi/lib/thumb/v6-m/nofp/libg.a(libc_a-lcltime_r.o) (__month_lengths)
/home/davi/.pico-sdk/toolchain/13_3_Rel1/bin/../lib/gcc/arm-none-eabi/13.3.1/../../../../arm-none-eabi/lib/thumb/v6-m/nofp/libg.a(libc_a-tzcalc_limits.o)
                              /home/davi/.pico-sdk/toolchain/13_3_Rel1/bin/../lib/gcc/arm-none-eabi/13.3.1/../../../../arm-none-eabi/lib/thumb/v6-m/nofp/libg.a(libc_a-lcltime_r.o) (__tzcalc_limits)
/home/davi/.pico-sdk/toolchain/13_3_Rel1/bin/../lib/gcc/arm-none-eabi/13.3.1/../../../../arm-none-eabi/lib/thumb/v6-m/nofp/libg.a(libc_a-tzlock.o)
                              /home/davi/.pico-sdk/toolchain/13_3_Rel1/bin/../lib/gcc/arm-none-eabi/13.3.1/../../../../arm-none-eabi/lib/thumb/v6-m/nofp/libg.a(libc_a-lcltime_r.o) (__tz_lock)
/home/davi/.pico-sdk/toolchain/13_3_Rel1/bin/../lib/gcc/arm-none-eabi/13.3.1/../../../../arm-none-eabi/lib/thumb/v6-m/nofp/libg.a(libc_a-tzset.o)
                              /home/davi/.pico-sdk/toolchain/13_3_Rel1/bin/../lib/gcc/arm-none-eabi/13.3.1/../../../../arm-none-eabi/lib/thumb/v6-m/nofp/libg.a(libc_a-lcltime_r.o) (_tzset_unlocked)
/home/davi/.pico-sdk/toolchain/13_3_Rel1/bin/../lib/gcc/arm-none-eabi/13.3.1/../../../../arm-none-eabi/lib/thumb/v6-m/nofp/libg.a(libc_a-mlock.o)
                              /home/davi/.pico-sdk/toolchain/13_3_Rel1/bin/../lib/gcc/arm-none-eabi/13.3.1/../../../../arm-none-eabi/lib/thumb/v6-m/nofp/libg.a(libc_a-mallocr.o) (__malloc_lock)
/home/davi/.pico-sdk/toolchain/13_3_Rel1/bin/../lib/gcc/arm-none-eabi/13.3.1/../../../../arm-none-eabi/lib/thumb/v6-m/nofp/libg.a(libc_a-calloc.o)
                              CMakeFiles/ws2812.dir/home/davi/.pico-sdk/sdk/2.1.0/src/rp2_common/pico_malloc/malloc.c.o (calloc)
/home/davi/.pico-sdk/toolchain/13_3_Rel1/bin/../lib/gcc/arm-none-eabi/13.3.1/../../../../arm-none-eabi/lib/thumb/v6-m/nofp/libg.a(libc_a-memcmp.o)
                              CMakeFiles/ws2812.dir/home/davi/.pico-sdk/sdk/2.1.0/src/rp2_common/pico_atomic/atomic.c.o (memcmp)
/home/davi/.pico-sdk/toolchain/13_3_Rel1/bin/../lib/gcc/arm-none-eabi/13.3.1/../../../../arm-none-eabi/lib/thumb/v6-m/nofp/libg.a(libc_a-callocr.o)
                              /home/davi/.pico-sdk/toolchain/13_3_Rel1/bin/../lib/gcc/arm-none-eabi/13.3.1/../../../../arm-none-eabi/lib/thumb/v6-m/nofp/libg.a(libc_a-calloc.o) (_calloc_r)
/home/davi/.pico-sdk/toolchain/13_3_Rel1/bin/../lib/gcc/arm-none-eabi/13.3.1/../../../../arm-none-eabi/lib/thumb/v6-m/nofp/libg.a(libc_a-div.o)
[...]
Memory Configuration

Name             Origin             Length             Attributes
FLASH            0x10000000         0x00200000         xr
RAM              0x20000000         0x00040000         xrw
SCRATCH_X        0x20040000         0x00001000         xrw
SCRATCH_Y        0x20041000         0x00001000         xrw
*default*        0x00000000         0xffffffff

Linker script and memory map

LOAD /home/davi/.pico-sdk/toolchain/13_3_Rel1/bin/../lib/gcc/arm-none-eabi/13.3.1/thumb/v6-m/nofp/crti.o
LOAD /home/davi/.pico-sdk/toolchain/13_3_Rel1/bin/../lib/gcc/arm-none-eabi/13.3.1/thumb/v6-m/nofp/crtbegin.o
LOAD /home/davi/.pico-sdk/toolchain/13_3_Rel1/bin/../lib/gcc/arm-none-eabi/13.3.1/../../../../arm-none-eabi/lib/thumb/v6-m/nofp/crt0.o

.flash_begin    0x10000000        0x0
                0x10000000                        __flash_binary_start = .

.boot2          0x10000000      0x100
                0x10000000                        __boot2_start__ = .
 *(.boot2)
 .boot2         0x10000000      0x100 pico-sdk/src/rp2040/boot_stage2/CMakeFiles/bs2_default_library.dir/./bs2_default_padded_checksummed.S.o
                0x10000100                        __boot2_end__ = .
                0x00000001                        ASSERT (((__boot2_end__ - __boot2_start__) == 0x100), ERROR: Pico second stage bootloader must be 256 bytes in size)

.text           0x10000100     0x2478
                0x10000100                        __logical_binary_start = .
 *(.vectors)
 .vectors       0x10000100       0xd4 CMakeFiles/ws2812.dir/home/davi/.pico-sdk/sdk/2.1.0/src/rp2_common/pico_crt0/crt0.S.o
                0x10000100                __vectors
                0x10000100                __VECTOR_TABLE
                0x100001c0                isr_invalid
                0x100001c0                __default_isrs_start
                0x100001c2                isr_nmi
                0x100001c4                isr_hardfault
                0x100001c6                isr_svcall
                0x100001c8                isr_pendsv
                0x100001ca                isr_systick
                0x100001cc                isr_irq30
                0x100001cc                __unhandled_user_irq
                0x100001cc                isr_irq13
                0x100001cc                isr_irq27
                0x100001cc                isr_irq31
                0x100001cc                isr_irq5
                0x100001cc                isr_irq11
                0x100001cc                isr_irq23
                0x100001cc                isr_irq18
                0x100001cc                isr_irq28
                0x100001cc                isr_irq19
                0x100001cc                isr_irq0
                0x100001cc                isr_irq6
                0x100001cc                isr_irq22
                0x100001cc                isr_irq17
                0x100001cc                isr_irq14
                0x100001cc                isr_irq2
                0x100001cc                isr_irq10
                0x100001cc                isr_irq8
                0x100001cc                isr_irq24
                0x100001cc                isr_irq1
                0x100001cc                isr_irq7
                0x100001cc                isr_irq21
                0x100001cc                isr_irq20
                0x100001cc                isr_irq15
                0x100001cc                isr_irq25
                0x100001cc                isr_irq4
                0x100001cc                isr_irq16
                0x100001cc                isr_irq29
                0x100001cc                isr_irq26
                0x100001cc                __default_isrs_end
                0x100001cc                isr_irq3
                0x100001cc                isr_irq12
                0x100001cc                isr_irq9
                0x100001d2                unhandled_user_irq_num_in_r0
 *(.binary_info_header)
 .binary_info_header
                0x100001d4       0x14 CMakeFiles/ws2812.dir/home/davi/.pico-sdk/sdk/2.1.0/src/rp2_common/pico_crt0/crt0.S.o
                0x100001e8                        __binary_info_header_end = .
 *(.embedded_block)
                0x100001e8                        __embedded_block_end = .
 *(.reset)
 .reset         0x100001e8       0x9c CMakeFiles/ws2812.dir/home/davi/.pico-sdk/sdk/2.1.0/src/rp2_common/pico_crt0/crt0.S.o
                0x100001e8                _entry_point
 *(.init)
 .init          0x10000284        0x4 /home/davi/.pico-sdk/toolchain/13_3_Rel1/bin/../lib/gcc/arm-none-eabi/13.3.1/thumb/v6-m/nofp/crti.o
                0x10000284                _init
 *(EXCLUDE_FILE(*libm.a: *libc.a:*lib_a-mem*.o *libgcc.a:) .text*)
 .text.register_tm_clones
                0x10000288       0x28 /home/davi/.pico-sdk/toolchain/13_3_Rel1/bin/../lib/gcc/arm-none-eabi/13.3.1/thumb/v6-m/nofp/crtbegin.o
 .text.frame_dummy
                0x100002b0       0x24 /home/davi/.pico-sdk/toolchain/13_3_Rel1/bin/../lib/gcc/arm-none-eabi/13.3.1/thumb/v6-m/nofp/crtbegin.o
 .text.buttons_handler
                0x100002d4       0xe4 CMakeFiles/ws2812.dir/ws2812.c.o
 .text.startup.main
                0x100003b8      0x2a0 CMakeFiles/ws2812.dir/ws2812.c.o
                0x100003b8                main
 .text.gpio_default_irq_handler
                0x10000658      0x274 CMakeFiles/ws2812.dir/home/davi/.pico-sdk/sdk/2.1.0/src/rp2_common/hardware_gpio/gpio.c.o
 .text.gpio_set_function
                0x100008cc       0x34 CMakeFiles/ws2812.dir/home/davi/.pico-sdk/sdk/2.1.0/src/rp2_common/hardware_gpio/gpio.c.o
                0x100008cc                gpio_set_function
 .text.gpio_set_pulls
                0x10000900       0x28 CMakeFiles/ws2812.dir/home/davi/.pico-sdk/sdk/2.1.0/src/rp2_common/hardware_gpio/gpio.c.o
                0x10000900                gpio_set_pulls
 .text.gpio_set_irq_enabled_with_callback
                0x10000928       0xd0 CMakeFiles/ws2812.dir/home/davi/.pico-sdk/sdk/2.1.0/src/rp2_common/hardware_gpio/gpio.c.o
                0x10000928                gpio_set_irq_enabled_with_callback
 .text.gpio_init
                0x100009f8       0x40 CMakeFiles/ws2812.dir/home/davi/.pico-sdk/sdk/2.1.0/src/rp2_common/hardware_gpio/gpio.c.o
                0x100009f8                gpio_init
 .text.panic    0x10000a38       0x30 CMakeFiles/ws2812.dir/home/davi/.pico-sdk/sdk/2.1.0/src/rp2_common/pico_platform_panic/panic.c.o
                0x10000a38                panic
 .text.hw_claim_lock
                0x10000a68       0x18 CMakeFiles/ws2812.dir/home/davi/.pico-sdk/sdk/2.1.0/src/common/hardware_claim/claim.c.o
                0x10000a68                hw_claim_lock
 .text.hw_claim_unlock
                0x10000a80       0x14 CMakeFiles/ws2812.dir/home/davi/.pico-sdk/sdk/2.1.0/src/common/hardware_claim/claim.c.o
                0x10000a80                hw_claim_unlock
 .text.hw_claim_or_assert
                0x10000a94       0x44 CMakeFiles/ws2812.dir/home/davi/.pico-sdk/sdk/2.1.0/src/common/hardware_claim/claim.c.o
                0x10000a94                hw_claim_or_assert
 .text.next_striped_spin_lock_num
                0x10000ad8       0x18 CMakeFiles/ws2812.dir/home/davi/.pico-sdk/sdk/2.1.0/src/rp2_common/hardware_sync/sync.c.o
                0x10000ad8                next_striped_spin_lock_num
 .text.spin_locks_reset
                0x10000af0       0x1c CMakeFiles/ws2812.dir/home/davi/.pico-sdk/sdk/2.1.0/src/rp2_common/hardware_sync_spin_lock/sync_spin_lock.c.o
                0x10000af0                spin_locks_reset
 .text.runtime_init_per_core_irq_priorities
                0x10000b0c       0x24 CMakeFiles/ws2812.dir/home/davi/.pico-sdk/sdk/2.1.0/src/rp2_common/hardware_irq/irq.c.o
                0x10000b0c                runtime_init_per_core_irq_priorities
 .text.irq_set_enabled
                0x10000b30       0x24 CMakeFiles/ws2812.dir/home/davi/.pico-sdk/sdk/2.1.0/src/rp2_common/hardware_irq/irq.c.o
                0x10000b30                irq_set_enabled
 .text.irq_set_exclusive_handler
                0x10000b54       0x54 CMakeFiles/ws2812.dir/home/davi/.pico-sdk/sdk/2.1.0/src/rp2_common/hardware_irq/irq.c.o
                0x10000b54                irq_set_exclusive_handler
 .text.irq_add_shared_handler
                0x10000ba8      0x1f4 CMakeFiles/ws2812.dir/home/davi/.pico-sdk/sdk/2.1.0/src/rp2_common/hardware_irq/irq.c.o
                0x10000ba8                irq_add_shared_handler
 .text.irq_remove_handler
                0x10000d9c      0x1d4 CMakeFiles/ws2812.dir/home/davi/.pico-sdk/sdk/2.1.0/src/rp2_common/hardware_irq/irq.c.o
                0x10000d9c                irq_remove_handler
 .text.irq_add_tail_to_free_list
                0x10000f70       0xb4 CMakeFiles/ws2812.dir/home/davi/.pico-sdk/sdk/2.1.0/src/rp2_common/hardware_irq/irq.c.o
                0x10000f70                irq_add_tail_to_free_list
 .text.lock_init
                0x10001024       0x10 CMakeFiles/ws2812.dir/home/davi/.pico-sdk/sdk/2.1.0/src/common/pico_sync/lock_core.c.o
                0x10001024                lock_init
 .text.runtime_init_mutex
                0x10001034       0x50 CMakeFiles/ws2812.dir/home/davi/.pico-sdk/sdk/2.1.0/src/common/pico_sync/mutex.c.o
                0x10001034                runtime_init_mutex
 .text.sleep_until_callback
                0x10001084       0x30 CMakeFiles/ws2812.dir/home/davi/.pico-sdk/sdk/2.1.0/src/common/pico_time/time.c.o
 .text.alarm_pool_irq_handler
                0x100010b4      0x2fc CMakeFiles/ws2812.dir/home/davi/.pico-sdk/sdk/2.1.0/src/common/pico_time/time.c.o
 .text.runtime_init_default_alarm_pool
                0x100013b0       0xdc CMakeFiles/ws2812.dir/home/davi/.pico-sdk/sdk/2.1.0/src/common/pico_time/time.c.o
                0x100013b0                runtime_init_default_alarm_pool
 .text.alarm_pool_add_alarm_at_force_in_context
                0x1000148c       0xb0 CMakeFiles/ws2812.dir/home/davi/.pico-sdk/sdk/2.1.0/src/common/pico_time/time.c.o
                0x1000148c                alarm_pool_add_alarm_at_force_in_context
 .text.alarm_pool_cancel_alarm
                0x1000153c       0x74 CMakeFiles/ws2812.dir/home/davi/.pico-sdk/sdk/2.1.0/src/common/pico_time/time.c.o
                0x1000153c                alarm_pool_cancel_alarm
 .text.sleep_until
                0x100015b0       0xd8 CMakeFiles/ws2812.dir/home/davi/.pico-sdk/sdk/2.1.0/src/common/pico_time/time.c.o
                0x100015b0                sleep_until
 .text.sleep_ms
                0x10001688       0x38 CMakeFiles/ws2812.dir/home/davi/.pico-sdk/sdk/2.1.0/src/common/pico_time/time.c.o
                0x10001688                sleep_ms
 .text.best_effort_wfe_or_timeout
                0x100016c0       0xe0 CMakeFiles/ws2812.dir/home/davi/.pico-sdk/sdk/2.1.0/src/common/pico_time/time.c.o
                0x100016c0                best_effort_wfe_or_timeout
 .text.timer_hardware_alarm_claim
                0x100017a0       0x14 CMakeFiles/ws2812.dir/home/davi/.pico-sdk/sdk/2.1.0/src/rp2_common/hardware_timer/timer.c.o
                0x100017a0                timer_hardware_alarm_claim
 .text.timer_time_us_64
                0x100017b4       0x10 CMakeFiles/ws2812.dir/home/davi/.pico-sdk/sdk/2.1.0/src/rp2_common/hardware_timer/timer.c.o
                0x100017b4                timer_time_us_64
 .text.time_us_64
                0x100017c4       0x14 CMakeFiles/ws2812.dir/home/davi/.pico-sdk/sdk/2.1.0/src/rp2_common/hardware_timer/timer.c.o
                0x100017c4                time_us_64
 .text.busy_wait_until
                0x100017d8       0x20 CMakeFiles/ws2812.dir/home/davi/.pico-sdk/sdk/2.1.0/src/rp2_common/hardware_timer/timer.c.o
                0x100017d8                busy_wait_until
 .text.clock_configure_int_divider
                0x100017f8       0xf4 CMakeFiles/ws2812.dir/home/davi/.pico-sdk/sdk/2.1.0/src/rp2_common/hardware_clocks/clocks.c.o
                0x100017f8                clock_configure_int_divider
 .text.clock_configure_undivided
                0x100018ec       0xe8 CMakeFiles/ws2812.dir/home/davi/.pico-sdk/sdk/2.1.0/src/rp2_common/hardware_clocks/clocks.c.o
                0x100018ec                clock_configure_undivided
 .text.clock_get_hz
                0x100019d4        0xc CMakeFiles/ws2812.dir/home/davi/.pico-sdk/sdk/2.1.0/src/rp2_common/hardware_clocks/clocks.c.o
                0x100019d4                clock_get_hz
 .text.pll_init
                0x100019e0       0xa4 CMakeFiles/ws2812.dir/home/davi/.pico-sdk/sdk/2.1.0/src/rp2_common/hardware_pll/pll.c.o
                0x100019e0                pll_init
 .text.tick_start
                0x10001a84       0x10 CMakeFiles/ws2812.dir/home/davi/.pico-sdk/sdk/2.1.0/src/rp2_common/hardware_ticks/ticks.c.o
                0x10001a84                tick_start
 .text.rom_func_lookup
                0x10001a94       0x10 CMakeFiles/ws2812.dir/home/davi/.pico-sdk/sdk/2.1.0/src/rp2_common/pico_bootrom/bootrom.c.o
                0x10001a94                rom_func_lookup
 .text.rom_data_lookup
                0x10001aa4       0x10 CMakeFiles/ws2812.dir/home/davi/.pico-sdk/sdk/2.1.0/src/rp2_common/pico_bootrom/bootrom.c.o
                0x10001aa4                rom_data_lookup
 .text.rom_funcs_lookup
                0x10001ab4       0x44 CMakeFiles/ws2812.dir/home/davi/.pico-sdk/sdk/2.1.0/src/rp2_common/pico_bootrom/bootrom.c.o
                0x10001ab4                rom_funcs_lookup
 .text.xosc_init
                0x10001af8       0x28 CMakeFiles/ws2812.dir/home/davi/.pico-sdk/sdk/2.1.0/src/rp2_common/hardware_xosc/xosc.c.o
                0x10001af8                xosc_init
 .text.first_per_core_initializer
                0x10001b20        0x4 CMakeFiles/ws2812.dir/home/davi/.pico-sdk/sdk/2.1.0/src/rp2_common/pico_runtime/runtime.c.o
 .text.hard_assertion_failure
                0x10001b24        0xc CMakeFiles/ws2812.dir/home/davi/.pico-sdk/sdk/2.1.0/src/rp2_common/pico_runtime/runtime.c.o
                0x10001b24                hard_assertion_failure
 .text.runtime_run_initializers
                0x10001b30       0x28 CMakeFiles/ws2812.dir/home/davi/.pico-sdk/sdk/2.1.0/src/rp2_common/pico_runtime/runtime.c.o
                0x10001b30                runtime_run_initializers
 .text.runtime_init_early_resets
                0x10001b58       0x2c CMakeFiles/ws2812.dir/home/davi/.pico-sdk/sdk/2.1.0/src/rp2_common/pico_runtime_init/runtime_init.c.o
                0x10001b58                runtime_init_early_resets
 .text.runtime_init_usb_power_down
                0x10001b84       0x1c CMakeFiles/ws2812.dir/home/davi/.pico-sdk/sdk/2.1.0/src/rp2_common/pico_runtime_init/runtime_init.c.o
                0x10001b84                runtime_init_usb_power_down
 .text.runtime_init_post_clock_resets
                0x10001ba0       0x20 CMakeFiles/ws2812.dir/home/davi/.pico-sdk/sdk/2.1.0/src/rp2_common/pico_runtime_init/runtime_init.c.o
                0x10001ba0                runtime_init_post_clock_resets
 .text.runtime_init_rp2040_gpio_ie_disable
                0x10001bc0       0x14 CMakeFiles/ws2812.dir/home/davi/.pico-sdk/sdk/2.1.0/src/rp2_common/pico_runtime_init/runtime_init.c.o
                0x10001bc0                runtime_init_rp2040_gpio_ie_disable
 .text.runtime_init_spin_locks_reset
                0x10001bd4        0x8 CMakeFiles/ws2812.dir/home/davi/.pico-sdk/sdk/2.1.0/src/rp2_common/pico_runtime_init/runtime_init.c.o
                0x10001bd4                runtime_init_spin_locks_reset
 .text.runtime_init_install_ram_vector_table
                0x10001bdc       0x1c CMakeFiles/ws2812.dir/home/davi/.pico-sdk/sdk/2.1.0/src/rp2_common/pico_runtime_init/runtime_init.c.o
                0x10001bdc                runtime_init_install_ram_vector_table
 .text.runtime_init_clocks
                0x10001bf8       0xd8 CMakeFiles/ws2812.dir/home/davi/.pico-sdk/sdk/2.1.0/src/rp2_common/pico_runtime_init/runtime_init_clocks.c.o
                0x10001bf8                runtime_init_clocks
 .text          0x10001cd0       0x10 CMakeFiles/ws2812.dir/home/davi/.pico-sdk/sdk/2.1.0/src/rp2_common/pico_bit_ops/bit_ops_aeabi.S.o
 .text.__wrap___aeabi_uidiv
                0x10001ce0       0x4c CMakeFiles/ws2812.dir/home/davi/.pico-sdk/sdk/2.1.0/src/rp2_common/pico_divider/divider_hardware.S.o
                0x10001ce0                __wrap___aeabi_uidiv
                0x10001ce0                __wrap___aeabi_uidivmod
                0x10001ce0                div_u32u32
                0x10001ce0                divmod_u32u32
                0x10001ce8                divmod_u32u32_unsafe
                0x10001d10                divmod_u32u32_savestate
 .text.missing_double_func_shim
                0x10001d2c        0xc CMakeFiles/ws2812.dir/home/davi/.pico-sdk/sdk/2.1.0/src/rp2_common/pico_double/double_init_rom_rp2040.c.o
 .text.__aeabi_double_init
                0x10001d38       0xa0 CMakeFiles/ws2812.dir/home/davi/.pico-sdk/sdk/2.1.0/src/rp2_common/pico_double/double_init_rom_rp2040.c.o
                0x10001d38                __aeabi_double_init
 .text.double_table_shim_on_use_helper
                0x10001dd8       0x2c CMakeFiles/ws2812.dir/home/davi/.pico-sdk/sdk/2.1.0/src/rp2_common/pico_double/double_v1_rom_shim_rp2040.S.o
                0x10001dd8                double_table_shim_on_use_helper
 .text.__aeabi_lmul
                0x10001e04       0x32 CMakeFiles/ws2812.dir/home/davi/.pico-sdk/sdk/2.1.0/src/rp2_common/pico_int64_ops/pico_int64_ops_aeabi.S.o
                0x10001e04                __wrap___aeabi_lmul
 *fill*         0x10001e36        0x2 
 .text.__wrap___aeabi_farithmetic
                0x10001e38       0x48 CMakeFiles/ws2812.dir/home/davi/.pico-sdk/sdk/2.1.0/src/rp2_common/pico_float/float_aeabi_rp2040.S.o
                0x10001e38                __wrap___aeabi_frsub
                0x10001e3e                __wrap___aeabi_fsub
                0x10001e44                __wrap___aeabi_fadd
                0x10001e4a                __wrap___aeabi_fdiv
                0x10001e72                __wrap___aeabi_fmul
 .text.__wrap___aeabi_ui2f
                0x10001e80        0xa CMakeFiles/ws2812.dir/home/davi/.pico-sdk/sdk/2.1.0/src/rp2_common/pico_float/float_aeabi_rp2040.S.o
                0x10001e80                uint2float
                0x10001e80                __wrap___aeabi_ui2f
 *fill*         0x10001e8a        0x2 
 .text.__wrap___aeabi_i2f
                0x10001e8c       0x44 CMakeFiles/ws2812.dir/home/davi/.pico-sdk/sdk/2.1.0/src/rp2_common/pico_float/float_aeabi_rp2040.S.o
                0x10001e8c                int2float
                0x10001e8c                __wrap___aeabi_i2f
 .text.__wrap___aeabi_f2uiz
                0x10001ed0        0xc CMakeFiles/ws2812.dir/home/davi/.pico-sdk/sdk/2.1.0/src/rp2_common/pico_float/float_aeabi_rp2040.S.o
                0x10001ed0                float2uint_z
                0x10001ed0                __wrap___aeabi_f2uiz
 .text.missing_float_func_shim
                0x10001edc        0xc CMakeFiles/ws2812.dir/home/davi/.pico-sdk/sdk/2.1.0/src/rp2_common/pico_float/float_init_rom_rp2040.c.o
 .text.__aeabi_float_init
                0x10001ee8       0x5c CMakeFiles/ws2812.dir/home/davi/.pico-sdk/sdk/2.1.0/src/rp2_common/pico_float/float_init_rom_rp2040.c.o
                0x10001ee8                __aeabi_float_init
 .text          0x10001f44       0x10 CMakeFiles/ws2812.dir/home/davi/.pico-sdk/sdk/2.1.0/src/rp2_common/pico_mem_ops/mem_ops_aeabi.S.o
                0x10001f44                __aeabi_mem_init
 .text.memcpy   0x10001f54        0xc CMakeFiles/ws2812.dir/home/davi/.pico-sdk/sdk/2.1.0/src/rp2_common/pico_mem_ops/mem_ops_aeabi.S.o
                0x10001f54                __wrap___aeabi_memcpy
                0x10001f54                __wrap_memcpy
 .text._out_char
                0x10001f60       0x10 CMakeFiles/ws2812.dir/home/davi/.pico-sdk/sdk/2.1.0/src/rp2_common/pico_printf/printf.c.o
 .text.weak_raw_vprintf
                0x10001f70       0x30 CMakeFiles/ws2812.dir/home/davi/.pico-sdk/sdk/2.1.0/src/rp2_common/pico_printf/printf.c.o
                0x10001f70                weak_raw_vprintf
 .text._exit    0x10001fa0        0x4 CMakeFiles/ws2812.dir/home/davi/.pico-sdk/sdk/2.1.0/src/rp2_common/pico_clib_interface/newlib_interface.c.o
                0x10001fa0                _exit
 .text.exit     0x10001fa4        0x8 CMakeFiles/ws2812.dir/home/davi/.pico-sdk/sdk/2.1.0/src/rp2_common/pico_clib_interface/newlib_interface.c.o
                0x10001fa4                exit
 .text.runtime_init
                0x10001fac       0x2c CMakeFiles/ws2812.dir/home/davi/.pico-sdk/sdk/2.1.0/src/rp2_common/pico_clib_interface/newlib_interface.c.o
                0x10001fac                runtime_init
 .text.stdio_out_chars_no_crlf
                0x10001fd8       0x10 CMakeFiles/ws2812.dir/home/davi/.pico-sdk/sdk/2.1.0/src/rp2_common/pico_stdio/stdio.c.o
 .text.stdio_out_chars_crlf
                0x10001fe8       0x94 CMakeFiles/ws2812.dir/home/davi/.pico-sdk/sdk/2.1.0/src/rp2_common/pico_stdio/stdio.c.o
 .text.stdio_put_string
                0x1000207c      0x100 CMakeFiles/ws2812.dir/home/davi/.pico-sdk/sdk/2.1.0/src/rp2_common/pico_stdio/stdio.c.o
                0x1000207c                stdio_put_string
 .text.__wrap_putchar
                0x1000217c       0x98 CMakeFiles/ws2812.dir/home/davi/.pico-sdk/sdk/2.1.0/src/rp2_common/pico_stdio/stdio.c.o
                0x1000217c                stdio_putchar
                0x1000217c                __wrap_putchar
 .text.__wrap_puts
                0x10002214       0x3c CMakeFiles/ws2812.dir/home/davi/.pico-sdk/sdk/2.1.0/src/rp2_common/pico_stdio/stdio.c.o
                0x10002214                __wrap_puts
                0x10002214                stdio_puts
 .text.pio_add_program
                0x10002250      0x104 CMakeFiles/ws2812.dir/home/davi/.pico-sdk/sdk/2.1.0/src/rp2_common/hardware_pio/pio.c.o
                0x10002250                pio_add_program
 .text.pio_sm_set_consecutive_pindirs
                0x10002354       0xb4 CMakeFiles/ws2812.dir/home/davi/.pico-sdk/sdk/2.1.0/src/rp2_common/hardware_pio/pio.c.o
                0x10002354                pio_sm_set_consecutive_pindirs
 .text.pio_sm_init
                0x10002408       0x9c CMakeFiles/ws2812.dir/home/davi/.pico-sdk/sdk/2.1.0/src/rp2_common/hardware_pio/pio.c.o
                0x10002408                pio_sm_init
 .text.strlen   0x100024a4       0x5c /home/davi/.pico-sdk/toolchain/13_3_Rel1/bin/../lib/gcc/arm-none-eabi/13.3.1/../../../../arm-none-eabi/lib/thumb/v6-m/nofp/libg.a(libc_a-strlen-stub.o)
                0x100024a4                strlen
 *(.fini)
 .fini          0x10002500        0x4 /home/davi/.pico-sdk/toolchain/13_3_Rel1/bin/../lib/gcc/arm-none-eabi/13.3.1/thumb/v6-m/nofp/crti.o
                0x10002500                _fini
 *fill*         0x10002504        0x4 
 .fini.__stub   0x10002508       0x30 linker stubs
 *crtbegin.o(.ctors)
 *crtbegin?.o(.ctors)
 *(EXCLUDE_FILE(*crtend.o *crtend?.o) .ctors)
 *(SORT_BY_NAME(.ctors.*))
 *(.ctors)
 *crtbegin.o(.dtors)
 *crtbegin?.o(.dtors)
 *(EXCLUDE_FILE(*crtend.o *crtend?.o) .dtors)
 *(SORT_BY_NAME(.dtors.*))
 *(.dtors)
                0x10002538                        . = ALIGN (0x4)
                0x10002538                        PROVIDE (__preinit_array_start = .)
 *(SORT_BY_NAME(.preinit_array.*))
 .preinit_array.00100
                0x10002538        0x4 CMakeFiles/ws2812.dir/home/davi/.pico-sdk/sdk/2.1.0/src/rp2_common/pico_runtime_init/runtime_init.c.o
                0x10002538                __pre_init_runtime_init_early_resets
 .preinit_array.00101
                0x1000253c        0x4 CMakeFiles/ws2812.dir/home/davi/.pico-sdk/sdk/2.1.0/src/rp2_common/pico_runtime_init/runtime_init.c.o
                0x1000253c                __pre_init_runtime_init_usb_power_down
 .preinit_array.00275
                0x10002540        0x4 CMakeFiles/ws2812.dir/home/davi/.pico-sdk/sdk/2.1.0/src/rp2_common/pico_bit_ops/bit_ops_aeabi.S.o
 .preinit_array.00300
                0x10002544        0x4 CMakeFiles/ws2812.dir/home/davi/.pico-sdk/sdk/2.1.0/src/rp2_common/pico_mem_ops/mem_ops_aeabi.S.o
 .preinit_array.00350
                0x10002548        0x4 CMakeFiles/ws2812.dir/home/davi/.pico-sdk/sdk/2.1.0/src/rp2_common/pico_double/double_aeabi_rp2040.S.o
 .preinit_array.00350
                0x1000254c        0x4 CMakeFiles/ws2812.dir/home/davi/.pico-sdk/sdk/2.1.0/src/rp2_common/pico_float/float_aeabi_rp2040.S.o
 .preinit_array.00500
                0x10002550        0x4 CMakeFiles/ws2812.dir/home/davi/.pico-sdk/sdk/2.1.0/src/rp2_common/pico_runtime_init/runtime_init.c.o
                0x10002550                __pre_init_runtime_init_clocks
 .preinit_array.00600
                0x10002554        0x4 CMakeFiles/ws2812.dir/home/davi/.pico-sdk/sdk/2.1.0/src/rp2_common/pico_runtime_init/runtime_init.c.o
                0x10002554                __pre_init_runtime_init_post_clock_resets
 .preinit_array.00700
                0x10002558        0x4 CMakeFiles/ws2812.dir/home/davi/.pico-sdk/sdk/2.1.0/src/rp2_common/pico_runtime_init/runtime_init.c.o
                0x10002558                __pre_init_runtime_init_rp2040_gpio_ie_disable
 .preinit_array.01000
                0x1000255c        0x4 CMakeFiles/ws2812.dir/home/davi/.pico-sdk/sdk/2.1.0/src/rp2_common/pico_runtime_init/runtime_init.c.o
                0x1000255c                __pre_init_runtime_init_spin_locks_reset
 .preinit_array.01100
                0x10002560        0x4 CMakeFiles/ws2812.dir/home/davi/.pico-sdk/sdk/2.1.0/src/common/pico_sync/mutex.c.o
                0x10002560                __pre_init_runtime_init_mutex
 .preinit_array.10080
                0x10002564        0x4 CMakeFiles/ws2812.dir/home/davi/.pico-sdk/sdk/2.1.0/src/rp2_common/pico_runtime_init/runtime_init.c.o
                0x10002564                __pre_init_runtime_init_install_ram_vector_table
 .preinit_array.11000
                0x10002568        0x4 CMakeFiles/ws2812.dir/home/davi/.pico-sdk/sdk/2.1.0/src/common/pico_time/time.c.o
                0x10002568                __pre_init_runtime_init_default_alarm_pool
 .preinit_array.YYYYY
                0x1000256c        0x4 CMakeFiles/ws2812.dir/home/davi/.pico-sdk/sdk/2.1.0/src/rp2_common/pico_runtime/runtime.c.o
                0x1000256c                __pre_init_first_per_core_initializer
 .preinit_array.ZZZZZ.01200
                0x10002570        0x4 CMakeFiles/ws2812.dir/home/davi/.pico-sdk/sdk/2.1.0/src/rp2_common/hardware_irq/irq.c.o
                0x10002570                __pre_init_runtime_init_per_core_irq_priorities
 *(.preinit_array)
                0x10002574                        PROVIDE (__preinit_array_end = .)
                0x10002574                        . = ALIGN (0x4)
                0x10002574                        PROVIDE (__init_array_start = .)
 *(SORT_BY_NAME(.init_array.*))
 *(.init_array)
 .init_array    0x10002574        0x4 /home/davi/.pico-sdk/toolchain/13_3_Rel1/bin/../lib/gcc/arm-none-eabi/13.3.1/thumb/v6-m/nofp/crtbegin.o
                0x10002578                        PROVIDE (__init_array_end = .)
                0x10002578                        . = ALIGN (0x4)
                [!provide]                        PROVIDE (__fini_array_start = .)
 *(SORT_BY_NAME(.fini_array.*))
 *(.fini_array)
                [!provide]                        PROVIDE (__fini_array_end = .)
 *(.eh_frame*)
 .eh_frame      0x10002578        0x0 /home/davi/.pico-sdk/toolchain/13_3_Rel1/bin/../lib/gcc/arm-none-eabi/13.3.1/thumb/v6-m/nofp/crtbegin.o
                0x10002578                        . = ALIGN (0x4)

.glue_7         0x10002578        0x0
 .glue_7        0x10002578        0x0 linker stubs

.glue_7t        0x10002578        0x0
 .glue_7t       0x10002578        0x0 linker stubs

.vfp11_veneer   0x10002578        0x0
 .vfp11_veneer  0x10002578        0x0 linker stubs

.v4_bx          0x10002578        0x0
 .v4_bx         0x10002578        0x0 linker stubs

.iplt           0x10002578        0x0
 .iplt          0x10002578        0x0 /home/davi/.pico-sdk/toolchain/13_3_Rel1/bin/../lib/gcc/arm-none-eabi/13.3.1/thumb/v6-m/nofp/crtbegin.o

.rodata         0x10002578      0x138
 *(EXCLUDE_FILE(*libm.a: *libc.a:*lib_a-mem*.o *libgcc.a:) .rodata*)
 .rodata.numbers
                0x10002578       0x32 CMakeFiles/ws2812.dir/ws2812.c.o
                0x10002578                numbers
 *fill*         0x100025aa        0x2 
 .rodata.ws2812_program
                0x100025ac        0x8 CMakeFiles/ws2812.dir/ws2812.c.o
 .rodata.ws2812_program_instructions
                0x100025b4        0x8 CMakeFiles/ws2812.dir/ws2812.c.o
 .rodata.panic.str1.4
                0x100025bc       0x9c CMakeFiles/ws2812.dir/home/davi/.pico-sdk/sdk/2.1.0/src/rp2_common/pico_platform_panic/panic.c.o
                                 0x12 (size before relaxing)
 .rodata.timer_hardware_alarm_claim.str1.4
                0x10002658       0x22 CMakeFiles/ws2812.dir/home/davi/.pico-sdk/sdk/2.1.0/src/rp2_common/hardware_timer/timer.c.o
 .rodata.hard_assertion_failure.str1.4
                0x10002658        0xc CMakeFiles/ws2812.dir/home/davi/.pico-sdk/sdk/2.1.0/src/rp2_common/pico_runtime/runtime.c.o
 .rodata.missing_double_func_shim.str1.4
                0x10002658       0x18 CMakeFiles/ws2812.dir/home/davi/.pico-sdk/sdk/2.1.0/src/rp2_common/pico_double/double_init_rom_rp2040.c.o
 .rodata.missing_float_func_shim.str1.4
                0x10002658        0x1 CMakeFiles/ws2812.dir/home/davi/.pico-sdk/sdk/2.1.0/src/rp2_common/pico_float/float_init_rom_rp2040.c.o
 .rodata.str1.4
                0x10002658       0x3c CMakeFiles/ws2812.dir/home/davi/.pico-sdk/sdk/2.1.0/src/rp2_common/pico_standard_binary_info/standard_binary_info.c.o
 .rodata.__bi_84
                0x10002658        0xc CMakeFiles/ws2812.dir/home/davi/.pico-sdk/sdk/2.1.0/src/rp2_common/pico_standard_binary_info/standard_binary_info.c.o
 .rodata.__bi_78
                0x10002664        0xc CMakeFiles/ws2812.dir/home/davi/.pico-sdk/sdk/2.1.0/src/rp2_common/pico_standard_binary_info/standard_binary_info.c.o
 .rodata.__bi_54
                0x10002670        0xc CMakeFiles/ws2812.dir/home/davi/.pico-sdk/sdk/2.1.0/src/rp2_common/pico_standard_binary_info/standard_binary_info.c.o
 .rodata.__bi_48
                0x1000267c        0xc CMakeFiles/ws2812.dir/home/davi/.pico-sdk/sdk/2.1.0/src/rp2_common/pico_standard_binary_info/standard_binary_info.c.o
 .rodata.__bi_42
                0x10002688        0xc CMakeFiles/ws2812.dir/home/davi/.pico-sdk/sdk/2.1.0/src/rp2_common/pico_standard_binary_info/standard_binary_info.c.o
 .rodata.__bi_34
                0x10002694        0xc CMakeFiles/ws2812.dir/home/davi/.pico-sdk/sdk/2.1.0/src/rp2_common/pico_standard_binary_info/standard_binary_info.c.o
 .rodata.__bi_26
                0x100026a0        0xc CMakeFiles/ws2812.dir/home/davi/.pico-sdk/sdk/2.1.0/src/rp2_common/pico_standard_binary_info/standard_binary_info.c.o
 .rodata.crlf_str.0
                0x100026ac        0x2 CMakeFiles/ws2812.dir/home/davi/.pico-sdk/sdk/2.1.0/src/rp2_common/pico_stdio/stdio.c.o
                0x100026b0                        . = ALIGN (0x4)
 *fill*         0x100026ae        0x2 
 *(SORT_BY_ALIGNMENT(SORT_BY_NAME(.flashdata*)))
                0x100026b0                        . = ALIGN (0x4)

.ARM.extab
 *(.ARM.extab* .gnu.linkonce.armextab.*)
                0x100026b0                        __exidx_start = .

.ARM.exidx
 *(.ARM.exidx* .gnu.linkonce.armexidx.*)
                0x100026b0                        __exidx_end = .
                0x100026b0                        . = ALIGN (0x4)
                0x100026b0                        __binary_info_start = .

.binary_info    0x100026b0       0x1c
 *(.binary_info.keep.*)
 .binary_info.keep.__bi_ptr84
                0x100026b0        0x4 CMakeFiles/ws2812.dir/home/davi/.pico-sdk/sdk/2.1.0/src/rp2_common/pico_standard_binary_info/standard_binary_info.c.o
 .binary_info.keep.__bi_ptr78
                0x100026b4        0x4 CMakeFiles/ws2812.dir/home/davi/.pico-sdk/sdk/2.1.0/src/rp2_common/pico_standard_binary_info/standard_binary_info.c.o
 .binary_info.keep.__bi_ptr54
                0x100026b8        0x4 CMakeFiles/ws2812.dir/home/davi/.pico-sdk/sdk/2.1.0/src/rp2_common/pico_standard_binary_info/standard_binary_info.c.o
 .binary_info.keep.__bi_ptr48
                0x100026bc        0x4 CMakeFiles/ws2812.dir/home/davi/.pico-sdk/sdk/2.1.0/src/rp2_common/pico_standard_binary_info/standard_binary_info.c.o
 .binary_info.keep.__bi_ptr42
                0x100026c0        0x4 CMakeFiles/ws2812.dir/home/davi/.pico-sdk/sdk/2.1.0/src/rp2_common/pico_standard_binary_info/standard_binary_info.c.o
 .binary_info.keep.__bi_ptr34
                0x100026c4        0x4 CMakeFiles/ws2812.dir/home/davi/.pico-sdk/sdk/2.1.0/src/rp2_common/pico_standard_binary_info/standard_binary_info.c.o
 .binary_info.keep.__bi_ptr26
                0x100026c8        0x4 CMakeFiles/ws2812.dir/home/davi/.pico-sdk/sdk/2.1.0/src/rp2_common/pico_standard_binary_info/standard_binary_info.c.o
 *(.binary_info.*)
                0x100026cc                        __binary_info_end = .

.rel.dyn        0x100026cc        0x0
 .rel.iplt      0x100026cc        0x0 /home/davi/.pico-sdk/toolchain/13_3_Rel1/bin/../lib/gcc/arm-none-eabi/13.3.1/thumb/v6-m/nofp/crtbegin.o
                0x100026cc                        . = ALIGN (0x4)

.ram_vector_table
                0x20000000       0xc0
 *(.ram_vector_table)
 .ram_vector_table
                0x20000000       0xc0 CMakeFiles/ws2812.dir/home/davi/.pico-sdk/sdk/2.1.0/src/rp2_common/pico_runtime_init/runtime_init.c.o
                0x20000000                ram_vector_table

.uninitialized_data
                0x200000c0        0x0
                0x200000c0                        . = ALIGN (0x4)
 *(.uninitialized_data*)

.data           0x200000c0      0x188 load address 0x100026cc
                0x200000c0                        __data_start__ = .
 *(vtable)
 *(.time_critical*)
 .time_critical.mutex_try_enter_block_until
                0x200000c0       0x9c CMakeFiles/ws2812.dir/home/davi/.pico-sdk/sdk/2.1.0/src/common/pico_sync/mutex.c.o
                0x200000c0                mutex_try_enter_block_until
 .time_critical.mutex_exit
                0x2000015c       0x28 CMakeFiles/ws2812.dir/home/davi/.pico-sdk/sdk/2.1.0/src/common/pico_sync/mutex.c.o
                0x2000015c                mutex_exit
 *(.text*)
 .text          0x20000184        0x4 /home/davi/.pico-sdk/toolchain/13_3_Rel1/bin/../lib/gcc/arm-none-eabi/13.3.1/thumb/v6-m/nofp/libgcc.a(_dvmd_tls.o)
                0x20000184                __aeabi_ldiv0
                0x20000184                __aeabi_idiv0
 .text.__stub   0x20000188       0x10 linker stubs
                0x20000198                        . = ALIGN (0x4)
 *(.rodata*)
                0x20000198                        . = ALIGN (0x4)
 *(.data*)
 .data.LED_REFERENCE
                0x20000198       0x19 CMakeFiles/ws2812.dir/ws2812.c.o
                0x20000198                LED_REFERENCE
 .data.striped_spin_lock_num
                0x200001b1        0x1 CMakeFiles/ws2812.dir/home/davi/.pico-sdk/sdk/2.1.0/src/rp2_common/hardware_sync/sync.c.o
 *fill*         0x200001b2        0x2 
 .data          0x200001b4       0x48 CMakeFiles/ws2812.dir/home/davi/.pico-sdk/sdk/2.1.0/src/rp2_common/hardware_irq/irq_handler_chain.S.o
                0x200001b4                irq_handler_chain_slots
                0x200001e4                irq_handler_chain_first_slot
                0x200001ee                irq_handler_chain_remove_tail
 .data.default_alarm_pool
                0x200001fc       0x18 CMakeFiles/ws2812.dir/home/davi/.pico-sdk/sdk/2.1.0/src/common/pico_time/time.c.o
 *fill*         0x20000214        0xc 
 .data.aeabi_bits_funcs
                0x20000220       0x10 CMakeFiles/ws2812.dir/home/davi/.pico-sdk/sdk/2.1.0/src/rp2_common/pico_bit_ops/bit_ops_aeabi.S.o
                0x20000220                aeabi_bits_funcs
                0x20000230                aeabi_bits_funcs_end
 .data.aeabi_mem_funcs
                0x20000230       0x10 CMakeFiles/ws2812.dir/home/davi/.pico-sdk/sdk/2.1.0/src/rp2_common/pico_mem_ops/mem_ops_aeabi.S.o
                0x20000230                aeabi_mem_funcs
                0x20000240                aeabi_mem_funcs_end
                0x20000240                        . = ALIGN (0x4)
 *(.after_data.*)
                0x20000240                        . = ALIGN (0x4)
                0x20000240                        PROVIDE (__mutex_array_start = .)
 *(SORT_BY_NAME(.mutex_array.*))
 *(.mutex_array)
 .mutex_array   0x20000240        0x8 CMakeFiles/ws2812.dir/home/davi/.pico-sdk/sdk/2.1.0/src/rp2_common/pico_stdio/stdio.c.o
                0x20000248                        PROVIDE (__mutex_array_end = .)
                0x20000248                        . = ALIGN (0x4)
 *(.jcr)
                0x20000248                        . = ALIGN (0x4)

.tm_clone_table
                0x20000248        0x0 load address 0x10002854
 .tm_clone_table
                0x20000248        0x0 /home/davi/.pico-sdk/toolchain/13_3_Rel1/bin/../lib/gcc/arm-none-eabi/13.3.1/thumb/v6-m/nofp/crtbegin.o
 .tm_clone_table
                0x20000248        0x0 /home/davi/.pico-sdk/toolchain/13_3_Rel1/bin/../lib/gcc/arm-none-eabi/13.3.1/thumb/v6-m/nofp/crtend.o

.igot.plt       0x20000248        0x0 load address 0x10002854
 .igot.plt      0x20000248        0x0 /home/davi/.pico-sdk/toolchain/13_3_Rel1/bin/../lib/gcc/arm-none-eabi/13.3.1/thumb/v6-m/nofp/crtbegin.o

.tdata          0x20000248        0x0 load address 0x10002854
                0x20000248                        . = ALIGN (0x4)
 *(.tdata .tdata.* .gnu.linkonce.td.*)
                0x20000248                        __tdata_end = .
                0x20000248                        PROVIDE (__data_end__ = .)
                0x100026cc                        __etext = LOADADDR (.data)

.tbss           0x20000248        0x0 load address 0x10002854
                0x20000248                        . = ALIGN (0x4)
                0x20000248                        __bss_start__ = .
                0x20000248                        __tls_base = .
 *(.tbss .tbss.* .gnu.linkonce.tb.*)
 *(.tcommon)
                0x20000248                        __tls_end = .

.bss            0x20000248      0x428 load address 0x10002854
                0x20000248                        . = ALIGN (0x4)
                0x20000248                        __tbss_end = .
 *(SORT_BY_ALIGNMENT(SORT_BY_NAME(.bss*)))
 .bss.default_alarm_pool_entries
                0x20000248      0x180 CMakeFiles/ws2812.dir/home/davi/.pico-sdk/sdk/2.1.0/src/common/pico_time/time.c.o
 .bss.sd_table  0x200003c8      0x100 CMakeFiles/ws2812.dir/home/davi/.pico-sdk/sdk/2.1.0/src/rp2_common/pico_double/double_init_rom_rp2040.c.o
                0x200003c8                sd_table
 .bss.LED_BUFFER
                0x200004c8       0x19 CMakeFiles/ws2812.dir/ws2812.c.o
                0x200004c8                LED_BUFFER
 *fill*         0x200004e1        0x3 
 .bss._used_instruction_space
                0x200004e4        0x8 CMakeFiles/ws2812.dir/home/davi/.pico-sdk/sdk/2.1.0/src/rp2_common/hardware_pio/pio.c.o
 .bss.callbacks
                0x200004ec        0x8 CMakeFiles/ws2812.dir/home/davi/.pico-sdk/sdk/2.1.0/src/rp2_common/hardware_gpio/gpio.c.o
 .bss.claimed   0x200004f4        0x1 CMakeFiles/ws2812.dir/home/davi/.pico-sdk/sdk/2.1.0/src/rp2_common/hardware_timer/timer.c.o
 *fill*         0x200004f5        0x3 
 .bss.configured_freq
                0x200004f8       0x28 CMakeFiles/ws2812.dir/home/davi/.pico-sdk/sdk/2.1.0/src/rp2_common/hardware_clocks/clocks.c.o
 .bss.count     0x20000520        0x4 CMakeFiles/ws2812.dir/ws2812.c.o
                0x20000520                count
 .bss.drivers   0x20000524        0x4 CMakeFiles/ws2812.dir/home/davi/.pico-sdk/sdk/2.1.0/src/rp2_common/pico_stdio/stdio.c.o
 .bss.filter    0x20000528        0x4 CMakeFiles/ws2812.dir/home/davi/.pico-sdk/sdk/2.1.0/src/rp2_common/pico_stdio/stdio.c.o
 .bss.last_time
                0x2000052c        0x4 CMakeFiles/ws2812.dir/ws2812.c.o
                0x2000052c                last_time
 .bss.lazy_vsnprintf
                0x20000530        0x4 CMakeFiles/ws2812.dir/home/davi/.pico-sdk/sdk/2.1.0/src/rp2_common/pico_printf/printf.c.o
 .bss.object.0  0x20000534       0x18 /home/davi/.pico-sdk/toolchain/13_3_Rel1/bin/../lib/gcc/arm-none-eabi/13.3.1/thumb/v6-m/nofp/crtbegin.o
 .bss.pools     0x2000054c       0x10 CMakeFiles/ws2812.dir/home/davi/.pico-sdk/sdk/2.1.0/src/common/pico_time/time.c.o
 .bss.raw_irq_mask
                0x2000055c        0x8 CMakeFiles/ws2812.dir/home/davi/.pico-sdk/sdk/2.1.0/src/rp2_common/hardware_gpio/gpio.c.o
 .bss.sf_clz_func
                0x20000564        0x4 CMakeFiles/ws2812.dir/home/davi/.pico-sdk/sdk/2.1.0/src/rp2_common/pico_double/double_init_rom_rp2040.c.o
                0x20000564                sf_clz_func
 .bss.sf_table  0x20000568      0x100 CMakeFiles/ws2812.dir/home/davi/.pico-sdk/sdk/2.1.0/src/rp2_common/pico_float/float_init_rom_rp2040.c.o
                0x20000568                sf_table
 .bss.sleep_notifier
                0x20000668        0x4 CMakeFiles/ws2812.dir/home/davi/.pico-sdk/sdk/2.1.0/src/common/pico_time/time.c.o
 .bss.irq_handler_chain_free_slot_head
                0x2000066c        0x1 CMakeFiles/ws2812.dir/home/davi/.pico-sdk/sdk/2.1.0/src/rp2_common/hardware_irq/irq.c.o
 *(COMMON)
                0x20000670                        . = ALIGN (0x4)
 *fill*         0x2000066d        0x3 
                0x20000670                        __bss_end__ = .

.heap           0x20000670      0x800 load address 0x10002854
                0x20000670                        __end__ = .
                0x20000670                        end = __end__
 *(.heap*)
 .heap          0x20000670      0x800 CMakeFiles/ws2812.dir/home/davi/.pico-sdk/sdk/2.1.0/src/rp2_common/pico_crt0/crt0.S.o
                0x20040000                        __HeapLimit = (ORIGIN (RAM) + LENGTH (RAM))

.scratch_x      0x20040000        0x0 load address 0x10002854
                0x20040000                        __scratch_x_start__ = .
 *(.scratch_x.*)
                0x20040000                        . = ALIGN (0x4)
                0x20040000                        __scratch_x_end__ = .
                0x10002854                        __scratch_x_source__ = LOADADDR (.scratch_x)

.scratch_y      0x20041000        0x0 load address 0x10002854
                0x20041000                        __scratch_y_start__ = .
 *(.scratch_y.*)
                0x20041000                        . = ALIGN (0x4)
                0x20041000                        __scratch_y_end__ = .
                0x10002854                        __scratch_y_source__ = LOADADDR (.scratch_y)

.stack1_dummy
 *(.stack1*)

.stack_dummy    0x20041000      0x800
 *(.stack*)
 .stack         0x20041000      0x800 CMakeFiles/ws2812.dir/home/davi/.pico-sdk/sdk/2.1.0/src/rp2_common/pico_crt0/crt0.S.o

.flash_end      0x10002854        0x0
 *(.embedded_end_block*)
                0x10002854                        PROVIDE (__flash_binary_end = .)
                0x20040000                        __StackLimit = (ORIGIN (RAM) + LENGTH (RAM))
                0x20041000                        __StackOneTop = (ORIGIN (SCRATCH_X) + LENGTH (SCRATCH_X))
                0x20042000                        __StackTop = (ORIGIN (SCRATCH_Y) + LENGTH (SCRATCH_Y))
                0x20041000                        __StackOneBottom = (__StackOneTop - SIZEOF (.stack1_dummy))
                0x20041800                        __StackBottom = (__StackTop - SIZEOF (.stack_dummy))
                0x20042000                        PROVIDE (__stack = __StackTop)
                [!provide]                        PROVIDE (__heap_start = __end__)
                [!provide]                        PROVIDE (__heap_end = __HeapLimit)
                [!provide]                        PROVIDE (__tls_align = MAX (ALIGNOF (.tdata), ALIGNOF (.tbss)))
                [!provide]                        PROVIDE (__tls_size_align = (((__tls_size + __tls_align) - 0x1) & ~ ((__tls_align - 0x1))))
                [!provide]                        PROVIDE (__arm32_tls_tcb_offset = MAX (0x8, __tls_align))
                [!provide]                        PROVIDE (_end = __end__)
                [!provide]                        PROVIDE (__llvm_libc_heap_limit = __HeapLimit)
                0x00000001                        ASSERT ((__StackLimit >= __HeapLimit), region RAM overflowed)
                0x00000001                        ASSERT (((__binary_info_header_end - __logical_binary_start) <= 0x100), Binary info must be in first 256 bytes of the binary)
LOAD CMakeFiles/ws2812.dir/ws2812.c.o
LOAD CMakeFiles/ws2812.dir/home/davi/.pico-sdk/sdk/2.1.0/src/rp2_common/pico_stdlib/stdlib.c.o
LOAD CMakeFiles/ws2812.dir/home/davi/.pico-sdk/sdk/2.1.0/src/rp2_common/hardware_gpio/gpio.c.o
LOAD CMakeFiles/ws2812.dir/home/davi/.pico-sdk/sdk/2.1.0/src/rp2040/pico_platform/platform.c.o
LOAD CMakeFiles/ws2812.dir/home/davi/.pico-sdk/sdk/2.1.0/src/rp2_common/pico_platform_panic/panic.c.o
LOAD CMakeFiles/ws2812.dir/home/davi/.pico-sdk/sdk/2.1.0/src/common/hardware_claim/claim.c.o
LOAD CMakeFiles/ws2812.dir/home/davi/.pico-sdk/sdk/2.1.0/src/rp2_common/hardware_sync/sync.c.o
LOAD CMakeFiles/ws2812.dir/home/davi/.pico-sdk/sdk/2.1.0/src/rp2_common/hardware_sync_spin_lock/sync_spin_lock.c.o
LOAD CMakeFiles/ws2812.dir/home/davi/.pico-sdk/sdk/2.1.0/src/rp2_common/hardware_irq/irq.c.o
LOAD CMakeFiles/ws2812.dir/home/davi/.pico-sdk/sdk/2.1.0/src/rp2_common/hardware_irq/irq_handler_chain.S.o
LOAD CMakeFiles/ws2812.dir/home/davi/.pico-sdk/sdk/2.1.0/src/common/pico_sync/sem.c.o
LOAD CMakeFiles/ws2812.dir/home/davi/.pico-sdk/sdk/2.1.0/src/common/pico_sync/lock_core.c.o
LOAD CMakeFiles/ws2812.dir/home/davi/.pico-sdk/sdk/2.1.0/src/common/pico_sync/mutex.c.o
LOAD CMakeFiles/ws2812.dir/home/davi/.pico-sdk/sdk/2.1.0/src/common/pico_sync/critical_section.c.o
LOAD CMakeFiles/ws2812.dir/home/davi/.pico-sdk/sdk/2.1.0/src/common/pico_time/time.c.o
LOAD CMakeFiles/ws2812.dir/home/davi/.pico-sdk/sdk/2.1.0/src/common/pico_time/timeout_helper.c.o
LOAD CMakeFiles/ws2812.dir/home/davi/.pico-sdk/sdk/2.1.0/src/rp2_common/hardware_timer/timer.c.o
LOAD CMakeFiles/ws2812.dir/home/davi/.pico-sdk/sdk/2.1.0/src/common/pico_util/datetime.c.o
LOAD CMakeFiles/ws2812.dir/home/davi/.pico-sdk/sdk/2.1.0/src/common/pico_util/pheap.c.o
LOAD CMakeFiles/ws2812.dir/home/davi/.pico-sdk/sdk/2.1.0/src/common/pico_util/queue.c.o
LOAD CMakeFiles/ws2812.dir/home/davi/.pico-sdk/sdk/2.1.0/src/rp2_common/hardware_uart/uart.c.o
LOAD CMakeFiles/ws2812.dir/home/davi/.pico-sdk/sdk/2.1.0/src/rp2_common/hardware_clocks/clocks.c.o
LOAD CMakeFiles/ws2812.dir/home/davi/.pico-sdk/sdk/2.1.0/src/rp2_common/hardware_pll/pll.c.o
LOAD CMakeFiles/ws2812.dir/home/davi/.pico-sdk/sdk/2.1.0/src/rp2_common/hardware_vreg/vreg.c.o
LOAD CMakeFiles/ws2812.dir/home/davi/.pico-sdk/sdk/2.1.0/src/rp2_common/hardware_watchdog/watchdog.c.o
LOAD CMakeFiles/ws2812.dir/home/davi/.pico-sdk/sdk/2.1.0/src/rp2_common/hardware_ticks/ticks.c.o
LOAD CMakeFiles/ws2812.dir/home/davi/.pico-sdk/sdk/2.1.0/src/rp2_common/pico_bootrom/bootrom.c.o
LOAD CMakeFiles/ws2812.dir/home/davi/.pico-sdk/sdk/2.1.0/src/rp2_common/pico_bootrom/bootrom_lock.c.o
LOAD CMakeFiles/ws2812.dir/home/davi/.pico-sdk/sdk/2.1.0/src/rp2_common/hardware_boot_lock/boot_lock.c.o
LOAD CMakeFiles/ws2812.dir/home/davi/.pico-sdk/sdk/2.1.0/src/rp2_common/pico_flash/flash.c.o
LOAD CMakeFiles/ws2812.dir/home/davi/.pico-sdk/sdk/2.1.0/src/rp2_common/hardware_xosc/xosc.c.o
LOAD CMakeFiles/ws2812.dir/home/davi/.pico-sdk/sdk/2.1.0/src/rp2_common/hardware_divider/divider.S.o
LOAD CMakeFiles/ws2812.dir/home/davi/.pico-sdk/sdk/2.1.0/src/rp2_common/pico_runtime/runtime.c.o
LOAD CMakeFiles/ws2812.dir/home/davi/.pico-sdk/sdk/2.1.0/src/rp2_common/pico_runtime_init/runtime_init.c.o
LOAD CMakeFiles/ws2812.dir/home/davi/.pico-sdk/sdk/2.1.0/src/rp2_common/pico_runtime_init/runtime_init_clocks.c.o
LOAD CMakeFiles/ws2812.dir/home/davi/.pico-sdk/sdk/2.1.0/src/rp2_common/pico_runtime_init/runtime_init_stack_guard.c.o
LOAD CMakeFiles/ws2812.dir/home/davi/.pico-sdk/sdk/2.1.0/src/rp2_common/pico_bit_ops/bit_ops_aeabi.S.o
LOAD CMakeFiles/ws2812.dir/home/davi/.pico-sdk/sdk/2.1.0/src/rp2_common/pico_divider/divider_hardware.S.o
LOAD CMakeFiles/ws2812.dir/home/davi/.pico-sdk/sdk/2.1.0/src/rp2_common/pico_double/double_aeabi_rp2040.S.o
LOAD CMakeFiles/ws2812.dir/home/davi/.pico-sdk/sdk/2.1.0/src/rp2_common/pico_double/double_init_rom_rp2040.c.o
LOAD CMakeFiles/ws2812.dir/home/davi/.pico-sdk/sdk/2.1.0/src/rp2_common/pico_double/double_math.c.o
LOAD CMakeFiles/ws2812.dir/home/davi/.pico-sdk/sdk/2.1.0/src/rp2_common/pico_double/double_v1_rom_shim_rp2040.S.o
LOAD CMakeFiles/ws2812.dir/home/davi/.pico-sdk/sdk/2.1.0/src/rp2_common/pico_int64_ops/pico_int64_ops_aeabi.S.o
LOAD CMakeFiles/ws2812.dir/home/davi/.pico-sdk/sdk/2.1.0/src/rp2_common/pico_float/float_aeabi_rp2040.S.o
LOAD CMakeFiles/ws2812.dir/home/davi/.pico-sdk/sdk/2.1.0/src/rp2_common/pico_float/float_init_rom_rp2040.c.o
LOAD CMakeFiles/ws2812.dir/home/davi/.pico-sdk/sdk/2.1.0/src/rp2_common/pico_float/float_math.c.o
LOAD CMakeFiles/ws2812.dir/home/davi/.pico-sdk/sdk/2.1.0/src/rp2_common/pico_float/float_v1_rom_shim_rp2040.S.o
LOAD CMakeFiles/ws2812.dir/home/davi/.pico-sdk/sdk/2.1.0/src/rp2_common/pico_malloc/malloc.c.o
LOAD CMakeFiles/ws2812.dir/home/davi/.pico-sdk/sdk/2.1.0/src/rp2_common/pico_mem_ops/mem_ops_aeabi.S.o
LOAD CMakeFiles/ws2812.dir/home/davi/.pico-sdk/sdk/2.1.0/src/rp2_common/pico_atomic/atomic.c.o
LOAD CMakeFiles/ws2812.dir/home/davi/.pico-sdk/sdk/2.1.0/src/rp2_common/pico_cxx_options/new_delete.cpp.o
LOAD CMakeFiles/ws2812.dir/home/davi/.pico-sdk/sdk/2.1.0/src/rp2_common/pico_standard_binary_info/standard_binary_info.c.o
LOAD CMakeFiles/ws2812.dir/home/davi/.pico-sdk/sdk/2.1.0/src/rp2_common/pico_printf/printf.c.o
LOAD CMakeFiles/ws2812.dir/home/davi/.pico-sdk/sdk/2.1.0/src/rp2_common/pico_crt0/crt0.S.o
LOAD CMakeFiles/ws2812.dir/home/davi/.pico-sdk/sdk/2.1.0/src/rp2_common/pico_clib_interface/newlib_interface.c.o
LOAD CMakeFiles/ws2812.dir/home/davi/.pico-sdk/sdk/2.1.0/src/rp2_common/pico_stdio/stdio.c.o
LOAD CMakeFiles/ws2812.dir/home/davi/.pico-sdk/sdk/2.1.0/src/rp2_common/pico_stdio_uart/stdio_uart.c.o
LOAD CMakeFiles/ws2812.dir/home/davi/.pico-sdk/sdk/2.1.0/src/rp2_common/hardware_pio/pio.c.o
LOAD pico-sdk/src/rp2040/boot_stage2/CMakeFiles/bs2_default_library.dir/./bs2_default_padded_checksummed.S.o
LOAD /home/davi/.pico-sdk/toolchain/13_3_Rel1/bin/../lib/gcc/arm-none-eabi/13.3.1/../../../../arm-none-eabi/lib/thumb/v6-m/nofp/libstdc++.a
LOAD /home/davi/.pico-sdk/toolchain/13_3_Rel1/bin/../lib/gcc/arm-none-eabi/13.3.1/../../../../arm-none-eabi/lib/thumb/v6-m/nofp/libm.a
START GROUP
LOAD /home/davi/.pico-sdk/toolchain/13_3_Rel1/bin/../lib/gcc/arm-none-eabi/13.3.1/thumb/v6-m/nofp/libgcc.a
LOAD /home/davi/.pico-sdk/toolchain/13_3_Rel1/bin/../lib/gcc/arm-none-eabi/13.3.1/../../../../arm-none-eabi/lib/thumb/v6-m/nofp/libg.a
LOAD /home/davi/.pico-sdk/toolchain/13_3_Rel1/bin/../lib/gcc/arm-none-eabi/13.3.1/../../../../arm-none-eabi/lib/thumb/v6-m/nofp/libc.a
END GROUP
START GROUP
LOAD /home/davi/.pico-sdk/toolchain/13_3_Rel1/bin/../lib/gcc/arm-none-eabi/13.3.1/thumb/v6-m/nofp/libgcc.a
LOAD /home/davi/.pico-sdk/toolchain/13_3_Rel1/bin/../lib/gcc/arm-none-eabi/13.3.1/../../../../arm-none-eabi/lib/thumb/v6-m/nofp/libc.a
LOAD /home/davi/.pico-sdk/toolchain/13_3_Rel1/bin/../lib/gcc/arm-none-eabi/13.3.1/../../../../arm-none-eabi/lib/thumb/v6-m/nofp/libnosys.a
END GROUP
LOAD /home/davi/.pico-sdk/toolchain/13_3_Rel1/bin/../lib/gcc/arm-none-eabi/13.3.1/thumb/v6-m/nofp/crtend.o
LOAD /home/davi/.pico-sdk/toolchain/13_3_Rel1/bin/../lib/gcc/arm-none-eabi/13.3.1/thumb/v6-m/nofp/crtn.o
OUTPUT(ws2812.elf elf32-littlearm)
LOAD linker stubs

.ARM.attributes
                0x00000000       0x28
 .ARM.attributes
                0x00000000       0x1e /home/davi/.pico-sdk/toolchain/13_3_Rel1/bin/../lib/gcc/arm-none-eabi/13.3.1/thumb/v6-m/nofp/crti.o
 .ARM.attributes
                0x0000001e       0x2c /home/davi/.pico-sdk/toolchain/13_3_Rel1/bin/../lib/gcc/arm-none-eabi/13.3.1/thumb/v6-m/nofp/crtbegin.o
 .ARM.attributes
                0x0000004a       0x2c CMakeFiles/ws2812.dir/ws2812.c.o
 .ARM.attributes
                0x00000076       0x2c CMakeFiles/ws2812.dir/home/davi/.pico-sdk/sdk/2.1.0/src/rp2_common/hardware_gpio/gpio.c.o
 .ARM.attributes
                0x000000a2       0x2c CMakeFiles/ws2812.dir/home/davi/.pico-sdk/sdk/2.1.0/src/rp2_common/pico_platform_panic/panic.c.o
 .ARM.attributes
                0x000000ce       0x2c CMakeFiles/ws2812.dir/home/davi/.pico-sdk/sdk/2.1.0/src/common/hardware_claim/claim.c.o
 .ARM.attributes
                0x000000fa       0x2c CMakeFiles/ws2812.dir/home/davi/.pico-sdk/sdk/2.1.0/src/rp2_common/hardware_sync/sync.c.o
 .ARM.attributes
                0x00000126       0x2c CMakeFiles/ws2812.dir/home/davi/.pico-sdk/sdk/2.1.0/src/rp2_common/hardware_sync_spin_lock/sync_spin_lock.c.o
 .ARM.attributes
                0x00000152       0x2c CMakeFiles/ws2812.dir/home/davi/.pico-sdk/sdk/2.1.0/src/rp2_common/hardware_irq/irq.c.o
 .ARM.attributes
                0x0000017e       0x22 CMakeFiles/ws2812.dir/home/davi/.pico-sdk/sdk/2.1.0/src/rp2_common/hardware_irq/irq_handler_chain.S.o
 .ARM.attributes
                0x000001a0       0x2c CMakeFiles/ws2812.dir/home/davi/.pico-sdk/sdk/2.1.0/src/common/pico_sync/lock_core.c.o
 .ARM.attributes
                0x000001cc       0x2c CMakeFiles/ws2812.dir/home/davi/.pico-sdk/sdk/2.1.0/src/common/pico_sync/mutex.c.o
 .ARM.attributes
                0x000001f8       0x2c CMakeFiles/ws2812.dir/home/davi/.pico-sdk/sdk/2.1.0/src/common/pico_time/time.c.o
 .ARM.attributes
                0x00000224       0x2c CMakeFiles/ws2812.dir/home/davi/.pico-sdk/sdk/2.1.0/src/rp2_common/hardware_timer/timer.c.o
 .ARM.attributes
                0x00000250       0x2c CMakeFiles/ws2812.dir/home/davi/.pico-sdk/sdk/2.1.0/src/rp2_common/hardware_clocks/clocks.c.o
 .ARM.attributes
                0x0000027c       0x2c CMakeFiles/ws2812.dir/home/davi/.pico-sdk/sdk/2.1.0/src/rp2_common/hardware_pll/pll.c.o
 .ARM.attributes
                0x000002a8       0x2c CMakeFiles/ws2812.dir/home/davi/.pico-sdk/sdk/2.1.0/src/rp2_common/hardware_ticks/ticks.c.o
 .ARM.attributes
                0x000002d4       0x2c CMakeFiles/ws2812.dir/home/davi/.pico-sdk/sdk/2.1.0/src/rp2_common/pico_bootrom/bootrom.c.o
 .ARM.attributes
                0x00000300       0x2c CMakeFiles/ws2812.dir/home/davi/.pico-sdk/sdk/2.1.0/src/rp2_common/hardware_xosc/xosc.c.o
 .ARM.attributes
                0x0000032c       0x2c CMakeFiles/ws2812.dir/home/davi/.pico-sdk/sdk/2.1.0/src/rp2_common/pico_runtime/runtime.c.o
 .ARM.attributes
                0x00000358       0x2c CMakeFiles/ws2812.dir/home/davi/.pico-sdk/sdk/2.1.0/src/rp2_common/pico_runtime_init/runtime_init.c.o
 .ARM.attributes
                0x00000384       0x2c CMakeFiles/ws2812.dir/home/davi/.pico-sdk/sdk/2.1.0/src/rp2_common/pico_runtime_init/runtime_init_clocks.c.o
 .ARM.attributes
                0x000003b0       0x22 CMakeFiles/ws2812.dir/home/davi/.pico-sdk/sdk/2.1.0/src/rp2_common/pico_bit_ops/bit_ops_aeabi.S.o
 .ARM.attributes
                0x000003d2       0x22 CMakeFiles/ws2812.dir/home/davi/.pico-sdk/sdk/2.1.0/src/rp2_common/pico_divider/divider_hardware.S.o
 .ARM.attributes
                0x000003f4       0x22 CMakeFiles/ws2812.dir/home/davi/.pico-sdk/sdk/2.1.0/src/rp2_common/pico_double/double_aeabi_rp2040.S.o
 .ARM.attributes
                0x00000416       0x2c CMakeFiles/ws2812.dir/home/davi/.pico-sdk/sdk/2.1.0/src/rp2_common/pico_double/double_init_rom_rp2040.c.o
 .ARM.attributes
                0x00000442       0x22 CMakeFiles/ws2812.dir/home/davi/.pico-sdk/sdk/2.1.0/src/rp2_common/pico_double/double_v1_rom_shim_rp2040.S.o
 .ARM.attributes
                0x00000464       0x22 CMakeFiles/ws2812.dir/home/davi/.pico-sdk/sdk/2.1.0/src/rp2_common/pico_int64_ops/pico_int64_ops_aeabi.S.o
 .ARM.attributes
                0x00000486       0x22 CMakeFiles/ws2812.dir/home/davi/.pico-sdk/sdk/2.1.0/src/rp2_common/pico_float/float_aeabi_rp2040.S.o
 .ARM.attributes
                0x000004a8       0x2c CMakeFiles/ws2812.dir/home/davi/.pico-sdk/sdk/2.1.0/src/rp2_common/pico_float/float_init_rom_rp2040.c.o
 .ARM.attributes
                0x000004d4       0x22 CMakeFiles/ws2812.dir/home/davi/.pico-sdk/sdk/2.1.0/src/rp2_common/pico_mem_ops/mem_ops_aeabi.S.o
 .ARM.attributes
                0x000004f6       0x2c CMakeFiles/ws2812.dir/home/davi/.pico-sdk/sdk/2.1.0/src/rp2_common/pico_standard_binary_info/standard_binary_info.c.o
 .ARM.attributes
                0x00000522       0x2c CMakeFiles/ws2812.dir/home/davi/.pico-sdk/sdk/2.1.0/src/rp2_common/pico_printf/printf.c.o
 .ARM.attributes
                0x0000054e       0x22 CMakeFiles/ws2812.dir/home/davi/.pico-sdk/sdk/2.1.0/src/rp2_common/pico_crt0/crt0.S.o
 .ARM.attributes
                0x00000570       0x2c CMakeFiles/ws2812.dir/home/davi/.pico-sdk/sdk/2.1.0/src/rp2_common/pico_clib_interface/newlib_interface.c.o
 .ARM.attributes
                0x0000059c       0x2c CMakeFiles/ws2812.dir/home/davi/.pico-sdk/sdk/2.1.0/src/rp2_common/pico_stdio/stdio.c.o
 .ARM.attributes
                0x000005c8       0x2c CMakeFiles/ws2812.dir/home/davi/.pico-sdk/sdk/2.1.0/src/rp2_common/hardware_pio/pio.c.o
 .ARM.attributes
                0x000005f4       0x22 pico-sdk/src/rp2040/boot_stage2/CMakeFiles/bs2_default_library.dir/./bs2_default_padded_checksummed.S.o
 .ARM.attributes
                0x00000616       0x1e /home/davi/.pico-sdk/toolchain/13_3_Rel1/bin/../lib/gcc/arm-none-eabi/13.3.1/thumb/v6-m/nofp/libgcc.a(_dvmd_tls.o)
 .ARM.attributes
                0x00000634       0x2c /home/davi/.pico-sdk/toolchain/13_3_Rel1/bin/../lib/gcc/arm-none-eabi/13.3.1/../../../../arm-none-eabi/lib/thumb/v6-m/nofp/libg.a(libc_a-strlen-stub.o)
 .ARM.attributes
                0x00000660       0x2c /home/davi/.pico-sdk/toolchain/13_3_Rel1/bin/../lib/gcc/arm-none-eabi/13.3.1/thumb/v6-m/nofp/crtend.o

.comment        0x00000000       0x45
 .comment       0x00000000       0x45 CMakeFiles/ws2812.dir/ws2812.c.o
                                 0x46 (size before relaxing)
 .comment       0x00000045       0x46 CMakeFiles/ws2812.dir/home/davi/.pico-sdk/sdk/2.1.0/src/rp2_common/hardware_gpio/gpio.c.o
 .comment       0x00000045       0x46 CMakeFiles/ws2812.dir/home/davi/.pico-sdk/sdk/2.1.0/src/rp2_common/pico_platform_panic/panic.c.o
 .comment       0x00000045       0x46 CMakeFiles/ws2812.dir/home/davi/.pico-sdk/sdk/2.1.0/src/common/hardware_claim/claim.c.o
 .comment       0x00000045       0x46 CMakeFiles/ws2812.dir/home/davi/.pico-sdk/sdk/2.1.0/src/rp2_common/hardware_sync/sync.c.o
 .comment       0x00000045       0x46 CMakeFiles/ws2812.dir/home/davi/.pico-sdk/sdk/2.1.0/src/rp2_common/hardware_sync_spin_lock/sync_spin_lock.c.o
 .comment       0x00000045       0x46 CMakeFiles/ws2812.dir/home/davi/.pico-sdk/sdk/2.1.0/src/rp2_common/hardware_irq/irq.c.o
 .comment       0x00000045       0x46 CMakeFiles/ws2812.dir/home/davi/.pico-sdk/sdk/2.1.0/src/common/pico_sync/lock_core.c.o
 .comment       0x00000045       0x46 CMakeFiles/ws2812.dir/home/davi/.pico-sdk/sdk/2.1.0/src/common/pico_sync/mutex.c.o
 .comment       0x00000045       0x46 CMakeFiles/ws2812.dir/home/davi/.pico-sdk/sdk/2.1.0/src/common/pico_time/time.c.o
 .comment       0x00000045       0x46 CMakeFiles/ws2812.dir/home/davi/.pico-sdk/sdk/2.1.0/src/rp2_common/hardware_timer/timer.c.o
 .comment       0x00000045       0x46 CMakeFiles/ws2812.dir/home/davi/.pico-sdk/sdk/2.1.0/src/rp2_common/hardware_clocks/clocks.c.o
 .comment       0x00000045       0x46 CMakeFiles/ws2812.dir/home/davi/.pico-sdk/sdk/2.1.0/src/rp2_common/hardware_pll/pll.c.o
 .comment       0x00000045       0x46 CMakeFiles/ws2812.dir/home/davi/.pico-sdk/sdk/2.1.0/src/rp2_common/hardware_ticks/ticks.c.o
 .comment       0x00000045       0x46 CMakeFiles/ws2812.dir/home/davi/.pico-sdk/sdk/2.1.0/src/rp2_common/pico_bootrom/bootrom.c.o
 .comment       0x00000045       0x46 CMakeFiles/ws2812.dir/home/davi/.pico-sdk/sdk/2.1.0/src/rp2_common/hardware_xosc/xosc.c.o
 .comment       0x00000045       0x46 CMakeFiles/ws2812.dir/home/davi/.pico-sdk/sdk/2.1.0/src/rp2_common/pico_runtime/runtime.c.o
 .comment       0x00000045       0x46 CMakeFiles/ws2812.dir/home/davi/.pico-sdk/sdk/2.1.0/src/rp2_common/pico_runtime_init/runtime_init.c.o
 .comment       0x00000045       0x46 CMakeFiles/ws2812.dir/home/davi/.pico-sdk/sdk/2.1.0/src/rp2_common/pico_runtime_init/runtime_init_clocks.c.o
 .comment       0x00000045       0x46 CMakeFiles/ws2812.dir/home/davi/.pico-sdk/sdk/2.1.0/src/rp2_common/pico_double/double_init_rom_rp2040.c.o
 .comment       0x00000045       0x46 CMakeFiles/ws2812.dir/home/davi/.pico-sdk/sdk/2.1.0/src/rp2_common/pico_float/float_init_rom_rp2040.c.o
 .comment       0x00000045       0x46 CMakeFiles/ws2812.dir/home/davi/.pico-sdk/sdk/2.1.0/src/rp2_common/pico_standard_binary_info/standard_binary_info.c.o
 .comment       0x00000045       0x46 CMakeFiles/ws2812.dir/home/davi/.pico-sdk/sdk/2.1.0/src/rp2_common/pico_printf/printf.c.o
 .comment       0x00000045       0x46 CMakeFiles/ws2812.dir/home/davi/.pico-sdk/sdk/2.1.0/src/rp2_common/pico_clib_interface/newlib_interface.c.o
 .comment       0x00000045       0x46 CMakeFiles/ws2812.dir/home/davi/.pico-sdk/sdk/2.1.0/src/rp2_common/pico_stdio/stdio.c.o
 .comment       0x00000045       0x46 CMakeFiles/ws2812.dir/home/davi/.pico-sdk/sdk/2.1.0/src/rp2_common/hardware_pio/pio.c.o

.debug_info     0x00000000    0x1e0c9
 .debug_info    0x00000000     0x1f81 CMakeFiles/ws2812.dir/ws2812.c.o
 .debug_info    0x00001f81     0x2437 CMakeFiles/ws2812.dir/home/davi/.pico-sdk/sdk/2.1.0/src/rp2_common/hardware_gpio/gpio.c.o
 .debug_info    0x000043b8      0x1bf CMakeFiles/ws2812.dir/home/davi/.pico-sdk/sdk/2.1.0/src/rp2_common/pico_platform_panic/panic.c.o
 .debug_info    0x00004577      0x995 CMakeFiles/ws2812.dir/home/davi/.pico-sdk/sdk/2.1.0/src/common/hardware_claim/claim.c.o
 .debug_info    0x00004f0c      0x458 CMakeFiles/ws2812.dir/home/davi/.pico-sdk/sdk/2.1.0/src/rp2_common/hardware_sync/sync.c.o
 .debug_info    0x00005364      0x245 CMakeFiles/ws2812.dir/home/davi/.pico-sdk/sdk/2.1.0/src/rp2_common/hardware_sync_spin_lock/sync_spin_lock.c.o
 .debug_info    0x000055a9     0x21a8 CMakeFiles/ws2812.dir/home/davi/.pico-sdk/sdk/2.1.0/src/rp2_common/hardware_irq/irq.c.o
 .debug_info    0x00007751      0x15f CMakeFiles/ws2812.dir/home/davi/.pico-sdk/sdk/2.1.0/src/common/pico_sync/lock_core.c.o
 .debug_info    0x000078b0     0x2803 CMakeFiles/ws2812.dir/home/davi/.pico-sdk/sdk/2.1.0/src/common/pico_sync/mutex.c.o
 .debug_info    0x0000a0b3     0x485e CMakeFiles/ws2812.dir/home/davi/.pico-sdk/sdk/2.1.0/src/common/pico_time/time.c.o
 .debug_info    0x0000e911     0x2b11 CMakeFiles/ws2812.dir/home/davi/.pico-sdk/sdk/2.1.0/src/rp2_common/hardware_timer/timer.c.o
 .debug_info    0x00011422     0x2935 CMakeFiles/ws2812.dir/home/davi/.pico-sdk/sdk/2.1.0/src/rp2_common/hardware_clocks/clocks.c.o
 .debug_info    0x00013d57      0x4e5 CMakeFiles/ws2812.dir/home/davi/.pico-sdk/sdk/2.1.0/src/rp2_common/hardware_pll/pll.c.o
 .debug_info    0x0001423c      0x248 CMakeFiles/ws2812.dir/home/davi/.pico-sdk/sdk/2.1.0/src/rp2_common/hardware_ticks/ticks.c.o
 .debug_info    0x00014484      0x633 CMakeFiles/ws2812.dir/home/davi/.pico-sdk/sdk/2.1.0/src/rp2_common/pico_bootrom/bootrom.c.o
 .debug_info    0x00014ab7      0x1cc CMakeFiles/ws2812.dir/home/davi/.pico-sdk/sdk/2.1.0/src/rp2_common/hardware_xosc/xosc.c.o
 .debug_info    0x00014c83      0x21a CMakeFiles/ws2812.dir/home/davi/.pico-sdk/sdk/2.1.0/src/rp2_common/pico_runtime/runtime.c.o
 .debug_info    0x00014e9d      0x795 CMakeFiles/ws2812.dir/home/davi/.pico-sdk/sdk/2.1.0/src/rp2_common/pico_runtime_init/runtime_init.c.o
 .debug_info    0x00015632      0x780 CMakeFiles/ws2812.dir/home/davi/.pico-sdk/sdk/2.1.0/src/rp2_common/pico_runtime_init/runtime_init_clocks.c.o
 .debug_info    0x00015db2       0x23 CMakeFiles/ws2812.dir/home/davi/.pico-sdk/sdk/2.1.0/src/rp2_common/pico_bit_ops/bit_ops_aeabi.S.o
 .debug_info    0x00015dd5       0x23 CMakeFiles/ws2812.dir/home/davi/.pico-sdk/sdk/2.1.0/src/rp2_common/pico_divider/divider_hardware.S.o
 .debug_info    0x00015df8       0x23 CMakeFiles/ws2812.dir/home/davi/.pico-sdk/sdk/2.1.0/src/rp2_common/pico_double/double_aeabi_rp2040.S.o
 .debug_info    0x00015e1b      0x2d0 CMakeFiles/ws2812.dir/home/davi/.pico-sdk/sdk/2.1.0/src/rp2_common/pico_double/double_init_rom_rp2040.c.o
 .debug_info    0x000160eb       0x24 CMakeFiles/ws2812.dir/home/davi/.pico-sdk/sdk/2.1.0/src/rp2_common/pico_double/double_v1_rom_shim_rp2040.S.o
 .debug_info    0x0001610f       0x24 CMakeFiles/ws2812.dir/home/davi/.pico-sdk/sdk/2.1.0/src/rp2_common/pico_int64_ops/pico_int64_ops_aeabi.S.o
 .debug_info    0x00016133       0x23 CMakeFiles/ws2812.dir/home/davi/.pico-sdk/sdk/2.1.0/src/rp2_common/pico_float/float_aeabi_rp2040.S.o
 .debug_info    0x00016156      0x2bc CMakeFiles/ws2812.dir/home/davi/.pico-sdk/sdk/2.1.0/src/rp2_common/pico_float/float_init_rom_rp2040.c.o
 .debug_info    0x00016412       0x23 CMakeFiles/ws2812.dir/home/davi/.pico-sdk/sdk/2.1.0/src/rp2_common/pico_mem_ops/mem_ops_aeabi.S.o
 .debug_info    0x00016435      0x2b8 CMakeFiles/ws2812.dir/home/davi/.pico-sdk/sdk/2.1.0/src/rp2_common/pico_standard_binary_info/standard_binary_info.c.o
 .debug_info    0x000166ed     0x211a CMakeFiles/ws2812.dir/home/davi/.pico-sdk/sdk/2.1.0/src/rp2_common/pico_printf/printf.c.o
 .debug_info    0x00018807       0x23 CMakeFiles/ws2812.dir/home/davi/.pico-sdk/sdk/2.1.0/src/rp2_common/pico_crt0/crt0.S.o
 .debug_info    0x0001882a      0xb54 CMakeFiles/ws2812.dir/home/davi/.pico-sdk/sdk/2.1.0/src/rp2_common/pico_clib_interface/newlib_interface.c.o
 .debug_info    0x0001937e     0x1cdd CMakeFiles/ws2812.dir/home/davi/.pico-sdk/sdk/2.1.0/src/rp2_common/pico_stdio/stdio.c.o
 .debug_info    0x0001b05b     0x306e CMakeFiles/ws2812.dir/home/davi/.pico-sdk/sdk/2.1.0/src/rp2_common/hardware_pio/pio.c.o

.debug_abbrev   0x00000000     0x5239
 .debug_abbrev  0x00000000      0x4e1 CMakeFiles/ws2812.dir/ws2812.c.o
 .debug_abbrev  0x000004e1      0x4f9 CMakeFiles/ws2812.dir/home/davi/.pico-sdk/sdk/2.1.0/src/rp2_common/hardware_gpio/gpio.c.o
 .debug_abbrev  0x000009da      0x12b CMakeFiles/ws2812.dir/home/davi/.pico-sdk/sdk/2.1.0/src/rp2_common/pico_platform_panic/panic.c.o
 .debug_abbrev  0x00000b05      0x33b CMakeFiles/ws2812.dir/home/davi/.pico-sdk/sdk/2.1.0/src/common/hardware_claim/claim.c.o
 .debug_abbrev  0x00000e40      0x20d CMakeFiles/ws2812.dir/home/davi/.pico-sdk/sdk/2.1.0/src/rp2_common/hardware_sync/sync.c.o
 .debug_abbrev  0x0000104d      0x1bb CMakeFiles/ws2812.dir/home/davi/.pico-sdk/sdk/2.1.0/src/rp2_common/hardware_sync_spin_lock/sync_spin_lock.c.o
 .debug_abbrev  0x00001208      0x5ff CMakeFiles/ws2812.dir/home/davi/.pico-sdk/sdk/2.1.0/src/rp2_common/hardware_irq/irq.c.o
 .debug_abbrev  0x00001807       0xee CMakeFiles/ws2812.dir/home/davi/.pico-sdk/sdk/2.1.0/src/common/pico_sync/lock_core.c.o
 .debug_abbrev  0x000018f5      0x48c CMakeFiles/ws2812.dir/home/davi/.pico-sdk/sdk/2.1.0/src/common/pico_sync/mutex.c.o
 .debug_abbrev  0x00001d81      0x67b CMakeFiles/ws2812.dir/home/davi/.pico-sdk/sdk/2.1.0/src/common/pico_time/time.c.o
 .debug_abbrev  0x000023fc      0x4f2 CMakeFiles/ws2812.dir/home/davi/.pico-sdk/sdk/2.1.0/src/rp2_common/hardware_timer/timer.c.o
 .debug_abbrev  0x000028ee      0x4e2 CMakeFiles/ws2812.dir/home/davi/.pico-sdk/sdk/2.1.0/src/rp2_common/hardware_clocks/clocks.c.o
 .debug_abbrev  0x00002dd0      0x1d2 CMakeFiles/ws2812.dir/home/davi/.pico-sdk/sdk/2.1.0/src/rp2_common/hardware_pll/pll.c.o
 .debug_abbrev  0x00002fa2      0x145 CMakeFiles/ws2812.dir/home/davi/.pico-sdk/sdk/2.1.0/src/rp2_common/hardware_ticks/ticks.c.o
 .debug_abbrev  0x000030e7      0x1d7 CMakeFiles/ws2812.dir/home/davi/.pico-sdk/sdk/2.1.0/src/rp2_common/pico_bootrom/bootrom.c.o
 .debug_abbrev  0x000032be      0x11b CMakeFiles/ws2812.dir/home/davi/.pico-sdk/sdk/2.1.0/src/rp2_common/hardware_xosc/xosc.c.o
 .debug_abbrev  0x000033d9      0x182 CMakeFiles/ws2812.dir/home/davi/.pico-sdk/sdk/2.1.0/src/rp2_common/pico_runtime/runtime.c.o
 .debug_abbrev  0x0000355b      0x222 CMakeFiles/ws2812.dir/home/davi/.pico-sdk/sdk/2.1.0/src/rp2_common/pico_runtime_init/runtime_init.c.o
 .debug_abbrev  0x0000377d      0x294 CMakeFiles/ws2812.dir/home/davi/.pico-sdk/sdk/2.1.0/src/rp2_common/pico_runtime_init/runtime_init_clocks.c.o
 .debug_abbrev  0x00003a11       0x12 CMakeFiles/ws2812.dir/home/davi/.pico-sdk/sdk/2.1.0/src/rp2_common/pico_bit_ops/bit_ops_aeabi.S.o
 .debug_abbrev  0x00003a23       0x12 CMakeFiles/ws2812.dir/home/davi/.pico-sdk/sdk/2.1.0/src/rp2_common/pico_divider/divider_hardware.S.o
 .debug_abbrev  0x00003a35       0x12 CMakeFiles/ws2812.dir/home/davi/.pico-sdk/sdk/2.1.0/src/rp2_common/pico_double/double_aeabi_rp2040.S.o
 .debug_abbrev  0x00003a47      0x1bb CMakeFiles/ws2812.dir/home/davi/.pico-sdk/sdk/2.1.0/src/rp2_common/pico_double/double_init_rom_rp2040.c.o
 .debug_abbrev  0x00003c02       0x14 CMakeFiles/ws2812.dir/home/davi/.pico-sdk/sdk/2.1.0/src/rp2_common/pico_double/double_v1_rom_shim_rp2040.S.o
 .debug_abbrev  0x00003c16       0x14 CMakeFiles/ws2812.dir/home/davi/.pico-sdk/sdk/2.1.0/src/rp2_common/pico_int64_ops/pico_int64_ops_aeabi.S.o
 .debug_abbrev  0x00003c2a       0x12 CMakeFiles/ws2812.dir/home/davi/.pico-sdk/sdk/2.1.0/src/rp2_common/pico_float/float_aeabi_rp2040.S.o
 .debug_abbrev  0x00003c3c      0x19e CMakeFiles/ws2812.dir/home/davi/.pico-sdk/sdk/2.1.0/src/rp2_common/pico_float/float_init_rom_rp2040.c.o
 .debug_abbrev  0x00003dda       0x12 CMakeFiles/ws2812.dir/home/davi/.pico-sdk/sdk/2.1.0/src/rp2_common/pico_mem_ops/mem_ops_aeabi.S.o
 .debug_abbrev  0x00003dec       0xb8 CMakeFiles/ws2812.dir/home/davi/.pico-sdk/sdk/2.1.0/src/rp2_common/pico_standard_binary_info/standard_binary_info.c.o
 .debug_abbrev  0x00003ea4      0x525 CMakeFiles/ws2812.dir/home/davi/.pico-sdk/sdk/2.1.0/src/rp2_common/pico_printf/printf.c.o
 .debug_abbrev  0x000043c9       0x12 CMakeFiles/ws2812.dir/home/davi/.pico-sdk/sdk/2.1.0/src/rp2_common/pico_crt0/crt0.S.o
 .debug_abbrev  0x000043db      0x352 CMakeFiles/ws2812.dir/home/davi/.pico-sdk/sdk/2.1.0/src/rp2_common/pico_clib_interface/newlib_interface.c.o
 .debug_abbrev  0x0000472d      0x5eb CMakeFiles/ws2812.dir/home/davi/.pico-sdk/sdk/2.1.0/src/rp2_common/pico_stdio/stdio.c.o
 .debug_abbrev  0x00004d18      0x521 CMakeFiles/ws2812.dir/home/davi/.pico-sdk/sdk/2.1.0/src/rp2_common/hardware_pio/pio.c.o

.debug_loclists
                0x00000000    0x11837
 .debug_loclists
                0x00000000      0x960 CMakeFiles/ws2812.dir/ws2812.c.o
 .debug_loclists
                0x00000960     0x1a03 CMakeFiles/ws2812.dir/home/davi/.pico-sdk/sdk/2.1.0/src/rp2_common/hardware_gpio/gpio.c.o
 .debug_loclists
                0x00002363      0x36e CMakeFiles/ws2812.dir/home/davi/.pico-sdk/sdk/2.1.0/src/common/hardware_claim/claim.c.o
 .debug_loclists
                0x000026d1       0xf1 CMakeFiles/ws2812.dir/home/davi/.pico-sdk/sdk/2.1.0/src/rp2_common/hardware_sync/sync.c.o
 .debug_loclists
                0x000027c2       0x7d CMakeFiles/ws2812.dir/home/davi/.pico-sdk/sdk/2.1.0/src/rp2_common/hardware_sync_spin_lock/sync_spin_lock.c.o
 .debug_loclists
                0x0000283f     0x116f CMakeFiles/ws2812.dir/home/davi/.pico-sdk/sdk/2.1.0/src/rp2_common/hardware_irq/irq.c.o
 .debug_loclists
                0x000039ae       0x41 CMakeFiles/ws2812.dir/home/davi/.pico-sdk/sdk/2.1.0/src/common/pico_sync/lock_core.c.o
 .debug_loclists
                0x000039ef      0xafa CMakeFiles/ws2812.dir/home/davi/.pico-sdk/sdk/2.1.0/src/common/pico_sync/mutex.c.o
 .debug_loclists
                0x000044e9     0x24bd CMakeFiles/ws2812.dir/home/davi/.pico-sdk/sdk/2.1.0/src/common/pico_time/time.c.o
 .debug_loclists
                0x000069a6     0x1a12 CMakeFiles/ws2812.dir/home/davi/.pico-sdk/sdk/2.1.0/src/rp2_common/hardware_timer/timer.c.o
 .debug_loclists
                0x000083b8     0x28a5 CMakeFiles/ws2812.dir/home/davi/.pico-sdk/sdk/2.1.0/src/rp2_common/hardware_clocks/clocks.c.o
 .debug_loclists
                0x0000ac5d      0x1e0 CMakeFiles/ws2812.dir/home/davi/.pico-sdk/sdk/2.1.0/src/rp2_common/hardware_pll/pll.c.o
 .debug_loclists
                0x0000ae3d       0x47 CMakeFiles/ws2812.dir/home/davi/.pico-sdk/sdk/2.1.0/src/rp2_common/hardware_ticks/ticks.c.o
 .debug_loclists
                0x0000ae84      0x38a CMakeFiles/ws2812.dir/home/davi/.pico-sdk/sdk/2.1.0/src/rp2_common/pico_bootrom/bootrom.c.o
 .debug_loclists
                0x0000b20e       0x48 CMakeFiles/ws2812.dir/home/davi/.pico-sdk/sdk/2.1.0/src/rp2_common/hardware_xosc/xosc.c.o
 .debug_loclists
                0x0000b256       0x7e CMakeFiles/ws2812.dir/home/davi/.pico-sdk/sdk/2.1.0/src/rp2_common/pico_runtime/runtime.c.o
 .debug_loclists
                0x0000b2d4       0xba CMakeFiles/ws2812.dir/home/davi/.pico-sdk/sdk/2.1.0/src/rp2_common/pico_runtime_init/runtime_init.c.o
 .debug_loclists
                0x0000b38e       0x74 CMakeFiles/ws2812.dir/home/davi/.pico-sdk/sdk/2.1.0/src/rp2_common/pico_runtime_init/runtime_init_clocks.c.o
 .debug_loclists
                0x0000b402       0x35 CMakeFiles/ws2812.dir/home/davi/.pico-sdk/sdk/2.1.0/src/rp2_common/pico_double/double_init_rom_rp2040.c.o
 .debug_loclists
                0x0000b437       0x4e CMakeFiles/ws2812.dir/home/davi/.pico-sdk/sdk/2.1.0/src/rp2_common/pico_float/float_init_rom_rp2040.c.o
 .debug_loclists
                0x0000b485     0x2f65 CMakeFiles/ws2812.dir/home/davi/.pico-sdk/sdk/2.1.0/src/rp2_common/pico_printf/printf.c.o
 .debug_loclists
                0x0000e3ea      0x431 CMakeFiles/ws2812.dir/home/davi/.pico-sdk/sdk/2.1.0/src/rp2_common/pico_clib_interface/newlib_interface.c.o
 .debug_loclists
                0x0000e81b      0xeab CMakeFiles/ws2812.dir/home/davi/.pico-sdk/sdk/2.1.0/src/rp2_common/pico_stdio/stdio.c.o
 .debug_loclists
                0x0000f6c6     0x2171 CMakeFiles/ws2812.dir/home/davi/.pico-sdk/sdk/2.1.0/src/rp2_common/hardware_pio/pio.c.o

.debug_aranges  0x00000000      0xe48
 .debug_aranges
                0x00000000       0x30 CMakeFiles/ws2812.dir/ws2812.c.o
 .debug_aranges
                0x00000030      0x120 CMakeFiles/ws2812.dir/home/davi/.pico-sdk/sdk/2.1.0/src/rp2_common/hardware_gpio/gpio.c.o
 .debug_aranges
                0x00000150       0x28 CMakeFiles/ws2812.dir/home/davi/.pico-sdk/sdk/2.1.0/src/rp2_common/pico_platform_panic/panic.c.o
 .debug_aranges
                0x00000178       0x48 CMakeFiles/ws2812.dir/home/davi/.pico-sdk/sdk/2.1.0/src/common/hardware_claim/claim.c.o
 .debug_aranges
                0x000001c0       0x48 CMakeFiles/ws2812.dir/home/davi/.pico-sdk/sdk/2.1.0/src/rp2_common/hardware_sync/sync.c.o
 .debug_aranges
                0x00000208       0x28 CMakeFiles/ws2812.dir/home/davi/.pico-sdk/sdk/2.1.0/src/rp2_common/hardware_sync_spin_lock/sync_spin_lock.c.o
 .debug_aranges
                0x00000230       0xb0 CMakeFiles/ws2812.dir/home/davi/.pico-sdk/sdk/2.1.0/src/rp2_common/hardware_irq/irq.c.o
 .debug_aranges
                0x000002e0       0x20 CMakeFiles/ws2812.dir/home/davi/.pico-sdk/sdk/2.1.0/src/common/pico_sync/lock_core.c.o
 .debug_aranges
                0x00000300       0x98 CMakeFiles/ws2812.dir/home/davi/.pico-sdk/sdk/2.1.0/src/common/pico_sync/mutex.c.o
 .debug_aranges
                0x00000398       0xe0 CMakeFiles/ws2812.dir/home/davi/.pico-sdk/sdk/2.1.0/src/common/pico_time/time.c.o
 .debug_aranges
                0x00000478       0xf0 CMakeFiles/ws2812.dir/home/davi/.pico-sdk/sdk/2.1.0/src/rp2_common/hardware_timer/timer.c.o
 .debug_aranges
                0x00000568       0x90 CMakeFiles/ws2812.dir/home/davi/.pico-sdk/sdk/2.1.0/src/rp2_common/hardware_clocks/clocks.c.o
 .debug_aranges
                0x000005f8       0x28 CMakeFiles/ws2812.dir/home/davi/.pico-sdk/sdk/2.1.0/src/rp2_common/hardware_pll/pll.c.o
 .debug_aranges
                0x00000620       0x30 CMakeFiles/ws2812.dir/home/davi/.pico-sdk/sdk/2.1.0/src/rp2_common/hardware_ticks/ticks.c.o
 .debug_aranges
                0x00000650       0x40 CMakeFiles/ws2812.dir/home/davi/.pico-sdk/sdk/2.1.0/src/rp2_common/pico_bootrom/bootrom.c.o
 .debug_aranges
                0x00000690       0x30 CMakeFiles/ws2812.dir/home/davi/.pico-sdk/sdk/2.1.0/src/rp2_common/hardware_xosc/xosc.c.o
 .debug_aranges
                0x000006c0       0x38 CMakeFiles/ws2812.dir/home/davi/.pico-sdk/sdk/2.1.0/src/rp2_common/pico_runtime/runtime.c.o
 .debug_aranges
                0x000006f8       0x48 CMakeFiles/ws2812.dir/home/davi/.pico-sdk/sdk/2.1.0/src/rp2_common/pico_runtime_init/runtime_init.c.o
 .debug_aranges
                0x00000740       0x20 CMakeFiles/ws2812.dir/home/davi/.pico-sdk/sdk/2.1.0/src/rp2_common/pico_runtime_init/runtime_init_clocks.c.o
 .debug_aranges
                0x00000760       0x60 CMakeFiles/ws2812.dir/home/davi/.pico-sdk/sdk/2.1.0/src/rp2_common/pico_bit_ops/bit_ops_aeabi.S.o
 .debug_aranges
                0x000007c0       0x40 CMakeFiles/ws2812.dir/home/davi/.pico-sdk/sdk/2.1.0/src/rp2_common/pico_divider/divider_hardware.S.o
 .debug_aranges
                0x00000800      0x140 CMakeFiles/ws2812.dir/home/davi/.pico-sdk/sdk/2.1.0/src/rp2_common/pico_double/double_aeabi_rp2040.S.o
 .debug_aranges
                0x00000940       0x28 CMakeFiles/ws2812.dir/home/davi/.pico-sdk/sdk/2.1.0/src/rp2_common/pico_double/double_init_rom_rp2040.c.o
 .debug_aranges
                0x00000968       0x20 CMakeFiles/ws2812.dir/home/davi/.pico-sdk/sdk/2.1.0/src/rp2_common/pico_double/double_v1_rom_shim_rp2040.S.o
 .debug_aranges
                0x00000988       0x20 CMakeFiles/ws2812.dir/home/davi/.pico-sdk/sdk/2.1.0/src/rp2_common/pico_int64_ops/pico_int64_ops_aeabi.S.o
 .debug_aranges
                0x000009a8      0x130 CMakeFiles/ws2812.dir/home/davi/.pico-sdk/sdk/2.1.0/src/rp2_common/pico_float/float_aeabi_rp2040.S.o
 .debug_aranges
                0x00000ad8       0x28 CMakeFiles/ws2812.dir/home/davi/.pico-sdk/sdk/2.1.0/src/rp2_common/pico_float/float_init_rom_rp2040.c.o
 .debug_aranges
                0x00000b00       0x38 CMakeFiles/ws2812.dir/home/davi/.pico-sdk/sdk/2.1.0/src/rp2_common/pico_mem_ops/mem_ops_aeabi.S.o
 .debug_aranges
                0x00000b38       0x18 CMakeFiles/ws2812.dir/home/davi/.pico-sdk/sdk/2.1.0/src/rp2_common/pico_standard_binary_info/standard_binary_info.c.o
 .debug_aranges
                0x00000b50       0x90 CMakeFiles/ws2812.dir/home/davi/.pico-sdk/sdk/2.1.0/src/rp2_common/pico_printf/printf.c.o
 .debug_aranges
                0x00000be0       0x28 CMakeFiles/ws2812.dir/home/davi/.pico-sdk/sdk/2.1.0/src/rp2_common/pico_crt0/crt0.S.o
 .debug_aranges
                0x00000c08       0xa0 CMakeFiles/ws2812.dir/home/davi/.pico-sdk/sdk/2.1.0/src/rp2_common/pico_clib_interface/newlib_interface.c.o
 .debug_aranges
                0x00000ca8       0xc8 CMakeFiles/ws2812.dir/home/davi/.pico-sdk/sdk/2.1.0/src/rp2_common/pico_stdio/stdio.c.o
 .debug_aranges
                0x00000d70       0xd8 CMakeFiles/ws2812.dir/home/davi/.pico-sdk/sdk/2.1.0/src/rp2_common/hardware_pio/pio.c.o

.debug_rnglists
                0x00000000     0x2e7f
 .debug_rnglists
                0x00000000      0x1df CMakeFiles/ws2812.dir/ws2812.c.o
 .debug_rnglists
                0x000001df      0x5c7 CMakeFiles/ws2812.dir/home/davi/.pico-sdk/sdk/2.1.0/src/rp2_common/hardware_gpio/gpio.c.o
 .debug_rnglists
                0x000007a6       0x19 CMakeFiles/ws2812.dir/home/davi/.pico-sdk/sdk/2.1.0/src/rp2_common/pico_platform_panic/panic.c.o
 .debug_rnglists
                0x000007bf       0xc5 CMakeFiles/ws2812.dir/home/davi/.pico-sdk/sdk/2.1.0/src/common/hardware_claim/claim.c.o
 .debug_rnglists
                0x00000884       0x67 CMakeFiles/ws2812.dir/home/davi/.pico-sdk/sdk/2.1.0/src/rp2_common/hardware_sync/sync.c.o
 .debug_rnglists
                0x000008eb       0x3d CMakeFiles/ws2812.dir/home/davi/.pico-sdk/sdk/2.1.0/src/rp2_common/hardware_sync_spin_lock/sync_spin_lock.c.o
 .debug_rnglists
                0x00000928      0x355 CMakeFiles/ws2812.dir/home/davi/.pico-sdk/sdk/2.1.0/src/rp2_common/hardware_irq/irq.c.o
 .debug_rnglists
                0x00000c7d       0x1f CMakeFiles/ws2812.dir/home/davi/.pico-sdk/sdk/2.1.0/src/common/pico_sync/lock_core.c.o
 .debug_rnglists
                0x00000c9c      0x32c CMakeFiles/ws2812.dir/home/davi/.pico-sdk/sdk/2.1.0/src/common/pico_sync/mutex.c.o
 .debug_rnglists
                0x00000fc8      0x77c CMakeFiles/ws2812.dir/home/davi/.pico-sdk/sdk/2.1.0/src/common/pico_time/time.c.o
 .debug_rnglists
                0x00001744      0x2c6 CMakeFiles/ws2812.dir/home/davi/.pico-sdk/sdk/2.1.0/src/rp2_common/hardware_timer/timer.c.o
 .debug_rnglists
                0x00001a0a      0x4ad CMakeFiles/ws2812.dir/home/davi/.pico-sdk/sdk/2.1.0/src/rp2_common/hardware_clocks/clocks.c.o
 .debug_rnglists
                0x00001eb7       0x5c CMakeFiles/ws2812.dir/home/davi/.pico-sdk/sdk/2.1.0/src/rp2_common/hardware_pll/pll.c.o
 .debug_rnglists
                0x00001f13       0x2b CMakeFiles/ws2812.dir/home/davi/.pico-sdk/sdk/2.1.0/src/rp2_common/hardware_ticks/ticks.c.o
 .debug_rnglists
                0x00001f3e      0x10c CMakeFiles/ws2812.dir/home/davi/.pico-sdk/sdk/2.1.0/src/rp2_common/pico_bootrom/bootrom.c.o
 .debug_rnglists
                0x0000204a       0x2b CMakeFiles/ws2812.dir/home/davi/.pico-sdk/sdk/2.1.0/src/rp2_common/hardware_xosc/xosc.c.o
 .debug_rnglists
                0x00002075       0x3d CMakeFiles/ws2812.dir/home/davi/.pico-sdk/sdk/2.1.0/src/rp2_common/pico_runtime/runtime.c.o
 .debug_rnglists
                0x000020b2       0x49 CMakeFiles/ws2812.dir/home/davi/.pico-sdk/sdk/2.1.0/src/rp2_common/pico_runtime_init/runtime_init.c.o
 .debug_rnglists
                0x000020fb       0x20 CMakeFiles/ws2812.dir/home/davi/.pico-sdk/sdk/2.1.0/src/rp2_common/pico_runtime_init/runtime_init_clocks.c.o
 .debug_rnglists
                0x0000211b       0x43 CMakeFiles/ws2812.dir/home/davi/.pico-sdk/sdk/2.1.0/src/rp2_common/pico_bit_ops/bit_ops_aeabi.S.o
 .debug_rnglists
                0x0000215e       0x2c CMakeFiles/ws2812.dir/home/davi/.pico-sdk/sdk/2.1.0/src/rp2_common/pico_divider/divider_hardware.S.o
 .debug_rnglists
                0x0000218a       0xec CMakeFiles/ws2812.dir/home/davi/.pico-sdk/sdk/2.1.0/src/rp2_common/pico_double/double_aeabi_rp2040.S.o
 .debug_rnglists
                0x00002276       0x1a CMakeFiles/ws2812.dir/home/davi/.pico-sdk/sdk/2.1.0/src/rp2_common/pico_double/double_init_rom_rp2040.c.o
 .debug_rnglists
                0x00002290       0xdf CMakeFiles/ws2812.dir/home/davi/.pico-sdk/sdk/2.1.0/src/rp2_common/pico_float/float_aeabi_rp2040.S.o
 .debug_rnglists
                0x0000236f       0x19 CMakeFiles/ws2812.dir/home/davi/.pico-sdk/sdk/2.1.0/src/rp2_common/pico_float/float_init_rom_rp2040.c.o
 .debug_rnglists
                0x00002388       0x25 CMakeFiles/ws2812.dir/home/davi/.pico-sdk/sdk/2.1.0/src/rp2_common/pico_mem_ops/mem_ops_aeabi.S.o
 .debug_rnglists
                0x000023ad      0x27c CMakeFiles/ws2812.dir/home/davi/.pico-sdk/sdk/2.1.0/src/rp2_common/pico_printf/printf.c.o
 .debug_rnglists
                0x00002629       0x1b CMakeFiles/ws2812.dir/home/davi/.pico-sdk/sdk/2.1.0/src/rp2_common/pico_crt0/crt0.S.o
 .debug_rnglists
                0x00002644       0x7f CMakeFiles/ws2812.dir/home/davi/.pico-sdk/sdk/2.1.0/src/rp2_common/pico_clib_interface/newlib_interface.c.o
 .debug_rnglists
                0x000026c3      0x297 CMakeFiles/ws2812.dir/home/davi/.pico-sdk/sdk/2.1.0/src/rp2_common/pico_stdio/stdio.c.o
 .debug_rnglists
                0x0000295a      0x525 CMakeFiles/ws2812.dir/home/davi/.pico-sdk/sdk/2.1.0/src/rp2_common/hardware_pio/pio.c.o

.debug_line     0x00000000    0x170e2
 .debug_line    0x00000000     0x14b9 CMakeFiles/ws2812.dir/ws2812.c.o
 .debug_line    0x000014b9     0x1c6f CMakeFiles/ws2812.dir/home/davi/.pico-sdk/sdk/2.1.0/src/rp2_common/hardware_gpio/gpio.c.o
 .debug_line    0x00003128      0x272 CMakeFiles/ws2812.dir/home/davi/.pico-sdk/sdk/2.1.0/src/rp2_common/pico_platform_panic/panic.c.o
 .debug_line    0x0000339a      0x908 CMakeFiles/ws2812.dir/home/davi/.pico-sdk/sdk/2.1.0/src/common/hardware_claim/claim.c.o
 .debug_line    0x00003ca2      0x4b2 CMakeFiles/ws2812.dir/home/davi/.pico-sdk/sdk/2.1.0/src/rp2_common/hardware_sync/sync.c.o
 .debug_line    0x00004154      0x39e CMakeFiles/ws2812.dir/home/davi/.pico-sdk/sdk/2.1.0/src/rp2_common/hardware_sync_spin_lock/sync_spin_lock.c.o
 .debug_line    0x000044f2     0x16e6 CMakeFiles/ws2812.dir/home/davi/.pico-sdk/sdk/2.1.0/src/rp2_common/hardware_irq/irq.c.o
 .debug_line    0x00005bd8      0x2c9 CMakeFiles/ws2812.dir/home/davi/.pico-sdk/sdk/2.1.0/src/common/pico_sync/lock_core.c.o
 .debug_line    0x00005ea1     0x1af8 CMakeFiles/ws2812.dir/home/davi/.pico-sdk/sdk/2.1.0/src/common/pico_sync/mutex.c.o
 .debug_line    0x00007999     0x30ee CMakeFiles/ws2812.dir/home/davi/.pico-sdk/sdk/2.1.0/src/common/pico_time/time.c.o
 .debug_line    0x0000aa87     0x1d00 CMakeFiles/ws2812.dir/home/davi/.pico-sdk/sdk/2.1.0/src/rp2_common/hardware_timer/timer.c.o
 .debug_line    0x0000c787     0x1de0 CMakeFiles/ws2812.dir/home/davi/.pico-sdk/sdk/2.1.0/src/rp2_common/hardware_clocks/clocks.c.o
 .debug_line    0x0000e567      0x4dc CMakeFiles/ws2812.dir/home/davi/.pico-sdk/sdk/2.1.0/src/rp2_common/hardware_pll/pll.c.o
 .debug_line    0x0000ea43      0x328 CMakeFiles/ws2812.dir/home/davi/.pico-sdk/sdk/2.1.0/src/rp2_common/hardware_ticks/ticks.c.o
 .debug_line    0x0000ed6b      0x46b CMakeFiles/ws2812.dir/home/davi/.pico-sdk/sdk/2.1.0/src/rp2_common/pico_bootrom/bootrom.c.o
 .debug_line    0x0000f1d6      0x341 CMakeFiles/ws2812.dir/home/davi/.pico-sdk/sdk/2.1.0/src/rp2_common/hardware_xosc/xosc.c.o
 .debug_line    0x0000f517      0x301 CMakeFiles/ws2812.dir/home/davi/.pico-sdk/sdk/2.1.0/src/rp2_common/pico_runtime/runtime.c.o
 .debug_line    0x0000f818      0x51e CMakeFiles/ws2812.dir/home/davi/.pico-sdk/sdk/2.1.0/src/rp2_common/pico_runtime_init/runtime_init.c.o
 .debug_line    0x0000fd36      0x537 CMakeFiles/ws2812.dir/home/davi/.pico-sdk/sdk/2.1.0/src/rp2_common/pico_runtime_init/runtime_init_clocks.c.o
 .debug_line    0x0001026d      0x107 CMakeFiles/ws2812.dir/home/davi/.pico-sdk/sdk/2.1.0/src/rp2_common/pico_bit_ops/bit_ops_aeabi.S.o
 .debug_line    0x00010374      0x2a9 CMakeFiles/ws2812.dir/home/davi/.pico-sdk/sdk/2.1.0/src/rp2_common/pico_divider/divider_hardware.S.o
 .debug_line    0x0001061d      0x3f3 CMakeFiles/ws2812.dir/home/davi/.pico-sdk/sdk/2.1.0/src/rp2_common/pico_double/double_aeabi_rp2040.S.o
 .debug_line    0x00010a10      0x544 CMakeFiles/ws2812.dir/home/davi/.pico-sdk/sdk/2.1.0/src/rp2_common/pico_double/double_init_rom_rp2040.c.o
 .debug_line    0x00010f54       0x5d CMakeFiles/ws2812.dir/home/davi/.pico-sdk/sdk/2.1.0/src/rp2_common/pico_double/double_v1_rom_shim_rp2040.S.o
 .debug_line    0x00010fb1       0x61 CMakeFiles/ws2812.dir/home/davi/.pico-sdk/sdk/2.1.0/src/rp2_common/pico_int64_ops/pico_int64_ops_aeabi.S.o
 .debug_line    0x00011012      0x3a8 CMakeFiles/ws2812.dir/home/davi/.pico-sdk/sdk/2.1.0/src/rp2_common/pico_float/float_aeabi_rp2040.S.o
 .debug_line    0x000113ba      0x400 CMakeFiles/ws2812.dir/home/davi/.pico-sdk/sdk/2.1.0/src/rp2_common/pico_float/float_init_rom_rp2040.c.o
 .debug_line    0x000117ba       0x94 CMakeFiles/ws2812.dir/home/davi/.pico-sdk/sdk/2.1.0/src/rp2_common/pico_mem_ops/mem_ops_aeabi.S.o
 .debug_line    0x0001184e      0x1e1 CMakeFiles/ws2812.dir/home/davi/.pico-sdk/sdk/2.1.0/src/rp2_common/pico_standard_binary_info/standard_binary_info.c.o
 .debug_line    0x00011a2f     0x1b73 CMakeFiles/ws2812.dir/home/davi/.pico-sdk/sdk/2.1.0/src/rp2_common/pico_printf/printf.c.o
 .debug_line    0x000135a2       0xa5 CMakeFiles/ws2812.dir/home/davi/.pico-sdk/sdk/2.1.0/src/rp2_common/pico_crt0/crt0.S.o
 .debug_line    0x00013647      0x840 CMakeFiles/ws2812.dir/home/davi/.pico-sdk/sdk/2.1.0/src/rp2_common/pico_clib_interface/newlib_interface.c.o
 .debug_line    0x00013e87     0x149b CMakeFiles/ws2812.dir/home/davi/.pico-sdk/sdk/2.1.0/src/rp2_common/pico_stdio/stdio.c.o
 .debug_line    0x00015322     0x1dc0 CMakeFiles/ws2812.dir/home/davi/.pico-sdk/sdk/2.1.0/src/rp2_common/hardware_pio/pio.c.o

.debug_str      0x00000000     0x4e11
 .debug_str     0x00000000     0x4e11 CMakeFiles/ws2812.dir/ws2812.c.o
                               0x108b (size before relaxing)
 .debug_str     0x00004e11      0xc6a CMakeFiles/ws2812.dir/home/davi/.pico-sdk/sdk/2.1.0/src/rp2_common/hardware_gpio/gpio.c.o
 .debug_str     0x00004e11      0x1f5 CMakeFiles/ws2812.dir/home/davi/.pico-sdk/sdk/2.1.0/src/rp2_common/pico_platform_panic/panic.c.o
 .debug_str     0x00004e11      0x378 CMakeFiles/ws2812.dir/home/davi/.pico-sdk/sdk/2.1.0/src/common/hardware_claim/claim.c.o
 .debug_str     0x00004e11      0x321 CMakeFiles/ws2812.dir/home/davi/.pico-sdk/sdk/2.1.0/src/rp2_common/hardware_sync/sync.c.o
 .debug_str     0x00004e11      0x234 CMakeFiles/ws2812.dir/home/davi/.pico-sdk/sdk/2.1.0/src/rp2_common/hardware_sync_spin_lock/sync_spin_lock.c.o
 .debug_str     0x00004e11      0xa58 CMakeFiles/ws2812.dir/home/davi/.pico-sdk/sdk/2.1.0/src/rp2_common/hardware_irq/irq.c.o
 .debug_str     0x00004e11      0x200 CMakeFiles/ws2812.dir/home/davi/.pico-sdk/sdk/2.1.0/src/common/pico_sync/lock_core.c.o
 .debug_str     0x00004e11      0x793 CMakeFiles/ws2812.dir/home/davi/.pico-sdk/sdk/2.1.0/src/common/pico_sync/mutex.c.o
 .debug_str     0x00004e11     0x1190 CMakeFiles/ws2812.dir/home/davi/.pico-sdk/sdk/2.1.0/src/common/pico_time/time.c.o
 .debug_str     0x00004e11      0x9db CMakeFiles/ws2812.dir/home/davi/.pico-sdk/sdk/2.1.0/src/rp2_common/hardware_timer/timer.c.o
 .debug_str     0x00004e11      0x98a CMakeFiles/ws2812.dir/home/davi/.pico-sdk/sdk/2.1.0/src/rp2_common/hardware_clocks/clocks.c.o
 .debug_str     0x00004e11      0x453 CMakeFiles/ws2812.dir/home/davi/.pico-sdk/sdk/2.1.0/src/rp2_common/hardware_pll/pll.c.o
 .debug_str     0x00004e11      0x282 CMakeFiles/ws2812.dir/home/davi/.pico-sdk/sdk/2.1.0/src/rp2_common/hardware_ticks/ticks.c.o
 .debug_str     0x00004e11      0x330 CMakeFiles/ws2812.dir/home/davi/.pico-sdk/sdk/2.1.0/src/rp2_common/pico_bootrom/bootrom.c.o
 .debug_str     0x00004e11      0x237 CMakeFiles/ws2812.dir/home/davi/.pico-sdk/sdk/2.1.0/src/rp2_common/hardware_xosc/xosc.c.o
 .debug_str     0x00004e11      0x287 CMakeFiles/ws2812.dir/home/davi/.pico-sdk/sdk/2.1.0/src/rp2_common/pico_runtime/runtime.c.o
 .debug_str     0x00004e11      0x77b CMakeFiles/ws2812.dir/home/davi/.pico-sdk/sdk/2.1.0/src/rp2_common/pico_runtime_init/runtime_init.c.o
 .debug_str     0x00004e11      0x48f CMakeFiles/ws2812.dir/home/davi/.pico-sdk/sdk/2.1.0/src/rp2_common/pico_runtime_init/runtime_init_clocks.c.o
 .debug_str     0x00004e11       0x7f CMakeFiles/ws2812.dir/home/davi/.pico-sdk/sdk/2.1.0/src/rp2_common/pico_bit_ops/bit_ops_aeabi.S.o
 .debug_str     0x00004e11       0x82 CMakeFiles/ws2812.dir/home/davi/.pico-sdk/sdk/2.1.0/src/rp2_common/pico_divider/divider_hardware.S.o
 .debug_str     0x00004e11       0x84 CMakeFiles/ws2812.dir/home/davi/.pico-sdk/sdk/2.1.0/src/rp2_common/pico_double/double_aeabi_rp2040.S.o
 .debug_str     0x00004e11      0x2d6 CMakeFiles/ws2812.dir/home/davi/.pico-sdk/sdk/2.1.0/src/rp2_common/pico_double/double_init_rom_rp2040.c.o
 .debug_str     0x00004e11       0x8a CMakeFiles/ws2812.dir/home/davi/.pico-sdk/sdk/2.1.0/src/rp2_common/pico_double/double_v1_rom_shim_rp2040.S.o
 .debug_str     0x00004e11       0x88 CMakeFiles/ws2812.dir/home/davi/.pico-sdk/sdk/2.1.0/src/rp2_common/pico_int64_ops/pico_int64_ops_aeabi.S.o
 .debug_str     0x00004e11       0x82 CMakeFiles/ws2812.dir/home/davi/.pico-sdk/sdk/2.1.0/src/rp2_common/pico_float/float_aeabi_rp2040.S.o
 .debug_str     0x00004e11      0x29b CMakeFiles/ws2812.dir/home/davi/.pico-sdk/sdk/2.1.0/src/rp2_common/pico_float/float_init_rom_rp2040.c.o
 .debug_str     0x00004e11       0x7f CMakeFiles/ws2812.dir/home/davi/.pico-sdk/sdk/2.1.0/src/rp2_common/pico_mem_ops/mem_ops_aeabi.S.o
 .debug_str     0x00004e11      0x3f6 CMakeFiles/ws2812.dir/home/davi/.pico-sdk/sdk/2.1.0/src/rp2_common/pico_standard_binary_info/standard_binary_info.c.o
 .debug_str     0x00004e11      0x4ca CMakeFiles/ws2812.dir/home/davi/.pico-sdk/sdk/2.1.0/src/rp2_common/pico_printf/printf.c.o
 .debug_str     0x00004e11       0x73 CMakeFiles/ws2812.dir/home/davi/.pico-sdk/sdk/2.1.0/src/rp2_common/pico_crt0/crt0.S.o
 .debug_str     0x00004e11      0x715 CMakeFiles/ws2812.dir/home/davi/.pico-sdk/sdk/2.1.0/src/rp2_common/pico_clib_interface/newlib_interface.c.o
 .debug_str     0x00004e11      0xd70 CMakeFiles/ws2812.dir/home/davi/.pico-sdk/sdk/2.1.0/src/rp2_common/pico_stdio/stdio.c.o
 .debug_str     0x00004e11     0x10d1 CMakeFiles/ws2812.dir/home/davi/.pico-sdk/sdk/2.1.0/src/rp2_common/hardware_pio/pio.c.o

.debug_frame    0x00000000     0x1d0c
 .debug_frame   0x00000000       0x70 CMakeFiles/ws2812.dir/ws2812.c.o
 .debug_frame   0x00000070      0x330 CMakeFiles/ws2812.dir/home/davi/.pico-sdk/sdk/2.1.0/src/rp2_common/hardware_gpio/gpio.c.o
 .debug_frame   0x000003a0       0x44 CMakeFiles/ws2812.dir/home/davi/.pico-sdk/sdk/2.1.0/src/rp2_common/pico_platform_panic/panic.c.o
 .debug_frame   0x000003e4       0xa0 CMakeFiles/ws2812.dir/home/davi/.pico-sdk/sdk/2.1.0/src/common/hardware_claim/claim.c.o
 .debug_frame   0x00000484       0xa8 CMakeFiles/ws2812.dir/home/davi/.pico-sdk/sdk/2.1.0/src/rp2_common/hardware_sync/sync.c.o
 .debug_frame   0x0000052c       0x30 CMakeFiles/ws2812.dir/home/davi/.pico-sdk/sdk/2.1.0/src/rp2_common/hardware_sync_spin_lock/sync_spin_lock.c.o
 .debug_frame   0x0000055c      0x1bc CMakeFiles/ws2812.dir/home/davi/.pico-sdk/sdk/2.1.0/src/rp2_common/hardware_irq/irq.c.o
 .debug_frame   0x00000718       0x20 CMakeFiles/ws2812.dir/home/davi/.pico-sdk/sdk/2.1.0/src/common/pico_sync/lock_core.c.o
 .debug_frame   0x00000738      0x1e0 CMakeFiles/ws2812.dir/home/davi/.pico-sdk/sdk/2.1.0/src/common/pico_sync/mutex.c.o
 .debug_frame   0x00000918      0x2d0 CMakeFiles/ws2812.dir/home/davi/.pico-sdk/sdk/2.1.0/src/common/pico_time/time.c.o
 .debug_frame   0x00000be8      0x2c0 CMakeFiles/ws2812.dir/home/davi/.pico-sdk/sdk/2.1.0/src/rp2_common/hardware_timer/timer.c.o